<html>
<body>
<pre>
<h1>µVision Build Log</h1>
<h2>Tool Versions:</h2>
IDE-Version: ¦ÌVision V5.28.0.0
Copyright (C) 2019 ARM Ltd and ARM Germany GmbH. All rights reserved.
License Information: li bowen, li, LIC=AK130-B8JFF-WJE6K-ZJ476-PX1RC-4QUJA
 
Tool Versions:
Toolchain:       MDK-ARM Professional  Version: 5.28.0.0
Toolchain Path:  C:\Keil_v5\ARM\ARMCC\Bin
C Compiler:      Armcc.exe V5.06 update 6 (build 750)
Assembler:       Armasm.exe V5.06 update 6 (build 750)
Linker/Locator:  ArmLink.exe V5.06 update 6 (build 750)
Library Manager: ArmAr.exe V5.06 update 6 (build 750)
Hex Converter:   FromElf.exe V5.06 update 6 (build 750)
CPU DLL:         SARMCM3.DLL V5.28.0.0
Dialog DLL:      DARMCM1.DLL V1.19.2.0
Target DLL:      UL2CM3.DLL V1.162.16.0
Dialog DLL:      TARMCM1.DLL V1.14.1.0
 
<h2>Project:</h2>
C:\Users\lbw\Desktop\Ball\JQSModbusRTU\MDK-ARM\Ball.uvprojx
Project File Date:  04/16/2023

<h2>Output:</h2>
*** Using Compiler 'V5.06 update 6 (build 750)', folder: 'C:\Keil_v5\ARM\ARMCC\Bin'
Build target 'BallGame'
assembling startup_stm32f030x6.s...
compiling freertos.c...
compiling stm32f0xx_it.c...
compiling main.c...
compiling stm32f0xx_hal_timebase_tim.c...
compiling stm32f0xx_hal_msp.c...
compiling stm32f0xx_hal_rcc.c...
compiling stm32f0xx_hal_rcc_ex.c...
compiling stm32f0xx_hal.c...
compiling stm32f0xx_hal_i2c.c...
compiling stm32f0xx_hal_gpio.c...
compiling stm32f0xx_hal_i2c_ex.c...
compiling stm32f0xx_hal_dma.c...
compiling stm32f0xx_hal_pwr_ex.c...
compiling stm32f0xx_hal_cortex.c...
compiling stm32f0xx_hal_pwr.c...
compiling stm32f0xx_hal_exti.c...
compiling stm32f0xx_hal_flash_ex.c...
compiling stm32f0xx_hal_flash.c...
compiling stm32f0xx_hal_tim_ex.c...
compiling stm32f0xx_hal_uart.c...
compiling stm32f0xx_hal_tim.c...
compiling stm32f0xx_hal_usart_ex.c...
compiling stm32f0xx_hal_usart.c...
compiling stm32f0xx_hal_uart_ex.c...
compiling croutine.c...
compiling event_groups.c...
compiling list.c...
compiling queue.c...
compiling tasks.c...
compiling system_stm32f0xx.c...
compiling timers.c...
compiling heap_4.c...
compiling port.c...
compiling cmsis_os.c...
compiling BSP.c...
compiling key.c...
compiling uart.c...
..\BSP\uart.c(170): warning:  #940-D: missing return statement at end of non-void function "uart_send_data" 
  }
..\BSP\uart.c(284): warning:  #111-D: statement is unreachable
                  break;
..\BSP\uart.c: 2 warnings, 0 errors
compiling ball_game.c...
..\Dev\ball_game.c(25): warning:  #68-D: integer conversion resulted in a change of sign
  TickType_t last_play_tick = -60*1000*2-1000, last_score_tick;
..\Dev\ball_game.c(22): warning:  #177-D: variable "game_err"  was declared but never referenced
  static enum eErrCode game_err = eErrNone; 
..\Dev\ball_game.c: 2 warnings, 0 errors
linking...
Program Size: Code=8440 RO-data=248 RW-data=108 ZI-data=1572  
FromELF: creating hex file...
"BallGame\BallGame.axf" - 0 Error(s), 4 Warning(s).

<h2>Software Packages used:</h2>

Package Vendor: ARM
                http://www.keil.com/pack/ARM.CMSIS.5.5.1.pack
                ARM.CMSIS.5.5.1
                CMSIS (Cortex Microcontroller Software Interface Standard)
   * Component: CORE Version: 5.2.0

Package Vendor: Keil
                http://www.keil.com/pack/Keil.STM32F0xx_DFP.2.0.0.pack
                Keil.STM32F0xx_DFP.2.0.0
                STMicroelectronics STM32F0 Series Device Support, Drivers and Examples

<h2>Collection of Component include folders:</h2>
  .\RTE\_BallGame
  C:\Keil_v5\ARM\PACK\ARM\CMSIS\5.5.1\CMSIS\Core\Include
  C:\Keil_v5\ARM\PACK\Keil\STM32F0xx_DFP\2.0.0\Drivers\CMSIS\Device\ST\STM32F0xx\Include

<h2>Collection of Component Files used:</h2>

   * Component: ARM::CMSIS:CORE:5.2.0
Build Time Elapsed:  00:00:33
</pre>
</body>
</html>
