Component: ARM Compiler 5.06 update 7 (build 960) Tool: armlink [4d3601]

==============================================================================

Section Cross References

    at32f421_clock.o(i.system_clock_config) refers to at32f421_crm.o(i.crm_reset) for crm_reset
    at32f421_clock.o(i.system_clock_config) refers to at32f421_crm.o(i.crm_clock_source_enable) for crm_clock_source_enable
    at32f421_clock.o(i.system_clock_config) refers to at32f421_crm.o(i.crm_hext_stable_wait) for crm_hext_stable_wait
    at32f421_clock.o(i.system_clock_config) refers to at32f421_crm.o(i.crm_pll_config) for crm_pll_config
    at32f421_clock.o(i.system_clock_config) refers to at32f421_crm.o(i.crm_flag_get) for crm_flag_get
    at32f421_clock.o(i.system_clock_config) refers to at32f421_crm.o(i.crm_ahb_div_set) for crm_ahb_div_set
    at32f421_clock.o(i.system_clock_config) refers to at32f421_crm.o(i.crm_apb2_div_set) for crm_apb2_div_set
    at32f421_clock.o(i.system_clock_config) refers to at32f421_crm.o(i.crm_apb1_div_set) for crm_apb1_div_set
    at32f421_clock.o(i.system_clock_config) refers to at32f421_crm.o(i.crm_auto_step_mode_enable) for crm_auto_step_mode_enable
    at32f421_clock.o(i.system_clock_config) refers to at32f421_crm.o(i.crm_sysclk_switch) for crm_sysclk_switch
    at32f421_clock.o(i.system_clock_config) refers to at32f421_crm.o(i.crm_sysclk_switch_status_get) for crm_sysclk_switch_status_get
    at32f421_clock.o(i.system_clock_config) refers to system_at32f421.o(i.system_core_clock_update) for system_core_clock_update
    main.o(i.HAL_GetTick) refers to main.o(.data) for uwTick
    main.o(i.HAL_IncTick) refers to main.o(.data) for uwTick
    main.o(i.TMR1_BRK_OVF_TRG_HALL_IRQHandler) refers to at32f421_tmr.o(i.tmr_flag_get) for tmr_flag_get
    main.o(i.TMR1_BRK_OVF_TRG_HALL_IRQHandler) refers to main.o(i.HAL_IncTick) for HAL_IncTick
    main.o(i.TMR1_BRK_OVF_TRG_HALL_IRQHandler) refers to uart.o(i.uart_rx_process_tmr_cnt) for uart_rx_process_tmr_cnt
    main.o(i.TMR1_BRK_OVF_TRG_HALL_IRQHandler) refers to uart.o(i.uart_dis_tx_en_rx) for uart_dis_tx_en_rx
    main.o(i.TMR1_BRK_OVF_TRG_HALL_IRQHandler) refers to at32f421_tmr.o(i.tmr_flag_clear) for tmr_flag_clear
    main.o(i.delay_init) refers to at32f421_misc.o(i.systick_clock_source_config) for systick_clock_source_config
    main.o(i.delay_init) refers to system_at32f421.o(.data) for system_core_clock
    main.o(i.delay_init) refers to main.o(.data) for fac_us
    main.o(i.delay_ms) refers to main.o(.data) for fac_ms
    main.o(i.delay_sec) refers to main.o(i.delay_ms) for delay_ms
    main.o(i.delay_us) refers to main.o(.data) for fac_us
    main.o(i.gpio_configuration) refers to at32f421_crm.o(i.crm_periph_clock_enable) for crm_periph_clock_enable
    main.o(i.gpio_configuration) refers to at32f421_gpio.o(i.gpio_default_para_init) for gpio_default_para_init
    main.o(i.gpio_configuration) refers to at32f421_gpio.o(i.gpio_init) for gpio_init
    main.o(i.main) refers to at32f421_clock.o(i.system_clock_config) for system_clock_config
    main.o(i.main) refers to at32f421_misc.o(i.nvic_priority_group_config) for nvic_priority_group_config
    main.o(i.main) refers to at32f421_crm.o(i.crm_clocks_freq_get) for crm_clocks_freq_get
    main.o(i.main) refers to at32f421_crm.o(i.crm_periph_clock_enable) for crm_periph_clock_enable
    main.o(i.main) refers to at32f421_tmr.o(i.tmr_base_init) for tmr_base_init
    main.o(i.main) refers to at32f421_tmr.o(i.tmr_cnt_dir_set) for tmr_cnt_dir_set
    main.o(i.main) refers to at32f421_tmr.o(i.tmr_interrupt_enable) for tmr_interrupt_enable
    main.o(i.main) refers to at32f421_misc.o(i.nvic_irq_enable) for nvic_irq_enable
    main.o(i.main) refers to at32f421_tmr.o(i.tmr_counter_enable) for tmr_counter_enable
    main.o(i.main) refers to main.o(i.delay_init) for delay_init
    main.o(i.main) refers to main.o(i.gpio_configuration) for gpio_configuration
    main.o(i.main) refers to main.o(i.usart_configuration) for usart_configuration
    main.o(i.main) refers to uart.o(i.uart_init) for uart_init
    main.o(i.main) refers to main.o(i.delay_ms) for delay_ms
    main.o(i.main) refers to main.o(i.HAL_GetTick) for HAL_GetTick
    main.o(i.main) refers to at32f421_gpio.o(i.gpio_bits_write) for gpio_bits_write
    main.o(i.main) refers to ball_game.o(i.ball_game_period_callback) for ball_game_period_callback
    main.o(i.main) refers to uart.o(i.com_rx_parse) for com_rx_parse
    main.o(i.main) refers to main.o(.bss) for crm_clocks_freq_struct
    main.o(i.main) refers to main.o(.data) for last_led_tick
    main.o(i.usart_configuration) refers to at32f421_crm.o(i.crm_periph_clock_enable) for crm_periph_clock_enable
    main.o(i.usart_configuration) refers to at32f421_gpio.o(i.gpio_default_para_init) for gpio_default_para_init
    main.o(i.usart_configuration) refers to at32f421_gpio.o(i.gpio_init) for gpio_init
[...]
    Removing at32f421_ertc.o(i.ertc_tamper_pull_up_enable), (40 bytes).
    Removing at32f421_ertc.o(i.ertc_tamper_timestamp_enable), (32 bytes).
    Removing at32f421_ertc.o(i.ertc_tamper_valid_edge_set), (36 bytes).
    Removing at32f421_ertc.o(i.ertc_time_adjust), (92 bytes).
    Removing at32f421_ertc.o(i.ertc_time_set), (120 bytes).
    Removing at32f421_ertc.o(i.ertc_timestamp_enable), (32 bytes).
    Removing at32f421_ertc.o(i.ertc_timestamp_get), (108 bytes).
    Removing at32f421_ertc.o(i.ertc_timestamp_sub_second_get), (12 bytes).
    Removing at32f421_ertc.o(i.ertc_timestamp_valid_edge_set), (32 bytes).
    Removing at32f421_ertc.o(i.ertc_wait_flag), (38 bytes).
    Removing at32f421_ertc.o(i.ertc_wait_update), (56 bytes).
    Removing at32f421_ertc.o(i.ertc_write_protect_disable), (16 bytes).
    Removing at32f421_ertc.o(i.ertc_write_protect_enable), (12 bytes).
    Removing at32f421_exint.o(.rev16_text), (4 bytes).
    Removing at32f421_exint.o(.revsh_text), (4 bytes).
    Removing at32f421_exint.o(.rrx_text), (6 bytes).
    Removing at32f421_exint.o(i.exint_default_para_init), (14 bytes).
    Removing at32f421_exint.o(i.exint_event_enable), (32 bytes).
    Removing at32f421_exint.o(i.exint_flag_clear), (12 bytes).
    Removing at32f421_exint.o(i.exint_flag_get), (28 bytes).
    Removing at32f421_exint.o(i.exint_init), (152 bytes).
    Removing at32f421_exint.o(i.exint_interrupt_enable), (32 bytes).
    Removing at32f421_exint.o(i.exint_reset), (40 bytes).
    Removing at32f421_exint.o(i.exint_software_interrupt_event_generate), (16 bytes).
    Removing at32f421_flash.o(.rev16_text), (4 bytes).
    Removing at32f421_flash.o(.revsh_text), (4 bytes).
    Removing at32f421_flash.o(.rrx_text), (6 bytes).
    Removing at32f421_flash.o(i.flash_boot_memory_extension_mode_enable), (64 bytes).
    Removing at32f421_flash.o(i.flash_byte_program), (56 bytes).
    Removing at32f421_flash.o(i.flash_crc_calibrate), (40 bytes).
    Removing at32f421_flash.o(i.flash_em_slib_inststart_sector_get), (16 bytes).
    Removing at32f421_flash.o(i.flash_epp_set), (220 bytes).
    Removing at32f421_flash.o(i.flash_epp_status_get), (12 bytes).
    Removing at32f421_flash.o(i.flash_extension_memory_slib_enable), (88 bytes).
    Removing at32f421_flash.o(i.flash_extension_memory_slib_state_get), (24 bytes).
    Removing at32f421_flash.o(i.flash_fap_enable), (140 bytes).
    Removing at32f421_flash.o(i.flash_fap_high_level_enable), (260 bytes).
    Removing at32f421_flash.o(i.flash_fap_high_level_status_get), (16 bytes).
    Removing at32f421_flash.o(i.flash_fap_status_get), (16 bytes).
    Removing at32f421_flash.o(i.flash_flag_clear), (12 bytes).
    Removing at32f421_flash.o(i.flash_flag_get), (56 bytes).
    Removing at32f421_flash.o(i.flash_halfword_program), (56 bytes).
    Removing at32f421_flash.o(i.flash_internal_all_erase), (60 bytes).
    Removing at32f421_flash.o(i.flash_interrupt_enable), (44 bytes).
    Removing at32f421_flash.o(i.flash_lock), (20 bytes).
    Removing at32f421_flash.o(i.flash_low_power_mode_enable), (20 bytes).
    Removing at32f421_flash.o(i.flash_operation_status_get), (52 bytes).
    Removing at32f421_flash.o(i.flash_operation_wait_for), (36 bytes).
    Removing at32f421_flash.o(i.flash_sector_erase), (64 bytes).
    Removing at32f421_flash.o(i.flash_slib_disable), (52 bytes).
    Removing at32f421_flash.o(i.flash_slib_enable), (148 bytes).
    Removing at32f421_flash.o(i.flash_slib_end_sector_get), (12 bytes).
    Removing at32f421_flash.o(i.flash_slib_inststart_sector_get), (16 bytes).
    Removing at32f421_flash.o(i.flash_slib_start_sector_get), (16 bytes).
    Removing at32f421_flash.o(i.flash_slib_state_get), (24 bytes).
    Removing at32f421_flash.o(i.flash_ssb_set), (92 bytes).
    Removing at32f421_flash.o(i.flash_ssb_status_get), (16 bytes).
    Removing at32f421_flash.o(i.flash_unlock), (24 bytes).
    Removing at32f421_flash.o(i.flash_user_system_data_erase), (152 bytes).
    Removing at32f421_flash.o(i.flash_user_system_data_program), (88 bytes).
    Removing at32f421_flash.o(i.flash_word_program), (56 bytes).
    Removing at32f421_flash.o(.constdata), (8 bytes).
    Removing at32f421_i2c.o(.rev16_text), (4 bytes).
    Removing at32f421_i2c.o(.revsh_text), (4 bytes).
    Removing at32f421_i2c.o(.rrx_text), (6 bytes).
    Removing at32f421_i2c.o(i.i2c_7bit_address_send), (18 bytes).
    Removing at32f421_i2c.o(i.i2c_ack_enable), (10 bytes).
    Removing at32f421_i2c.o(i.i2c_arp_mode_enable), (10 bytes).
    Removing at32f421_i2c.o(i.i2c_clock_stretch_enable), (18 bytes).
    Removing at32f421_i2c.o(i.i2c_data_receive), (8 bytes).
    Removing at32f421_i2c.o(i.i2c_data_send), (4 bytes).
    Removing at32f421_i2c.o(i.i2c_dma_enable), (10 bytes).
    Removing at32f421_i2c.o(i.i2c_dma_end_transfer_set), (10 bytes).
    Removing at32f421_i2c.o(i.i2c_enable), (10 bytes).
    Removing at32f421_i2c.o(i.i2c_fast_mode_duty_set), (10 bytes).
    Removing at32f421_i2c.o(i.i2c_flag_clear), (40 bytes).
    Removing at32f421_i2c.o(i.i2c_flag_get), (48 bytes).
    Removing at32f421_i2c.o(i.i2c_general_call_enable), (10 bytes).
    Removing at32f421_i2c.o(i.i2c_init), (260 bytes).
    Removing at32f421_i2c.o(i.i2c_interrupt_enable), (24 bytes).
    Removing at32f421_i2c.o(i.i2c_master_receive_ack_set), (10 bytes).
    Removing at32f421_i2c.o(i.i2c_own_address1_set), (18 bytes).
    Removing at32f421_i2c.o(i.i2c_own_address2_enable), (10 bytes).
    Removing at32f421_i2c.o(i.i2c_own_address2_set), (12 bytes).
    Removing at32f421_i2c.o(i.i2c_pec_calculate_enable), (10 bytes).
    Removing at32f421_i2c.o(i.i2c_pec_position_set), (10 bytes).
    Removing at32f421_i2c.o(i.i2c_pec_transmit_enable), (10 bytes).
    Removing at32f421_i2c.o(i.i2c_pec_value_get), (10 bytes).
    Removing at32f421_i2c.o(i.i2c_reset), (60 bytes).
    Removing at32f421_i2c.o(i.i2c_smbus_alert_set), (10 bytes).
    Removing at32f421_i2c.o(i.i2c_smbus_enable), (10 bytes).
    Removing at32f421_i2c.o(i.i2c_smbus_mode_set), (10 bytes).
    Removing at32f421_i2c.o(i.i2c_software_reset), (10 bytes).
    Removing at32f421_i2c.o(i.i2c_start_generate), (14 bytes).
    Removing at32f421_i2c.o(i.i2c_stop_generate), (14 bytes).
    Removing at32f421_pwc.o(.rev16_text), (4 bytes).
    Removing at32f421_pwc.o(.revsh_text), (4 bytes).
    Removing at32f421_pwc.o(.rrx_text), (6 bytes).
    Removing at32f421_pwc.o(i.pwc_battery_powered_domain_access), (20 bytes).
    Removing at32f421_pwc.o(i.pwc_deep_sleep_mode_enter), (48 bytes).
    Removing at32f421_pwc.o(i.pwc_flag_clear), (48 bytes).
    Removing at32f421_pwc.o(i.pwc_flag_get), (24 bytes).
    Removing at32f421_pwc.o(i.pwc_power_voltage_monitor_enable), (20 bytes).
    Removing at32f421_pwc.o(i.pwc_pvm_level_select), (20 bytes).
    Removing at32f421_pwc.o(i.pwc_reset), (24 bytes).
    Removing at32f421_pwc.o(i.pwc_sleep_mode_enter), (36 bytes).
    Removing at32f421_pwc.o(i.pwc_standby_mode_enter), (56 bytes).
    Removing at32f421_pwc.o(i.pwc_voltage_regulate_set), (100 bytes).
    Removing at32f421_pwc.o(i.pwc_wakeup_pin_enable), (32 bytes).
    Removing at32f421_scfg.o(.rev16_text), (4 bytes).
    Removing at32f421_scfg.o(.revsh_text), (4 bytes).
    Removing at32f421_scfg.o(.rrx_text), (6 bytes).
    Removing at32f421_scfg.o(i.scfg_adc_dma_channel_remap), (20 bytes).
    Removing at32f421_scfg.o(i.scfg_exint_line_config), (164 bytes).
    Removing at32f421_scfg.o(i.scfg_infrared_config), (28 bytes).
    Removing at32f421_scfg.o(i.scfg_mem_map_get), (16 bytes).
    Removing at32f421_scfg.o(i.scfg_pa11pa12_pin_remap), (20 bytes).
    Removing at32f421_scfg.o(i.scfg_reset), (24 bytes).
    Removing at32f421_scfg.o(i.scfg_tmr16_dma_channel_remap), (20 bytes).
    Removing at32f421_scfg.o(i.scfg_tmr17_dma_channel_remap), (20 bytes).
    Removing at32f421_scfg.o(i.scfg_usart1_rx_dma_channel_remap), (20 bytes).
    Removing at32f421_scfg.o(i.scfg_usart1_tx_dma_channel_remap), (20 bytes).
    Removing at32f421_spi.o(.rev16_text), (4 bytes).
    Removing at32f421_spi.o(.revsh_text), (4 bytes).
    Removing at32f421_spi.o(.rrx_text), (6 bytes).
    Removing at32f421_spi.o(i.i2s_default_para_init), (22 bytes).
    Removing at32f421_spi.o(i.i2s_enable), (10 bytes).
    Removing at32f421_spi.o(i.i2s_init), (554 bytes).
    Removing at32f421_spi.o(i.spi_crc_enable), (10 bytes).
    Removing at32f421_spi.o(i.spi_crc_next_transmit), (14 bytes).
    Removing at32f421_spi.o(i.spi_crc_polynomial_get), (8 bytes).
    Removing at32f421_spi.o(i.spi_crc_polynomial_set), (10 bytes).
    Removing at32f421_spi.o(i.spi_crc_value_get), (18 bytes).
    Removing at32f421_spi.o(i.spi_default_para_init), (22 bytes).
    Removing at32f421_spi.o(i.spi_enable), (10 bytes).
    Removing at32f421_spi.o(i.spi_frame_bit_num_set), (10 bytes).
    Removing at32f421_spi.o(i.spi_half_duplex_direction_set), (10 bytes).
    Removing at32f421_spi.o(i.spi_hardware_cs_output_enable), (10 bytes).
    Removing at32f421_spi.o(i.spi_i2s_data_receive), (8 bytes).
    Removing at32f421_spi.o(i.spi_i2s_data_transmit), (4 bytes).
    Removing at32f421_spi.o(i.spi_i2s_dma_receiver_enable), (10 bytes).
    Removing at32f421_spi.o(i.spi_i2s_dma_transmitter_enable), (10 bytes).
    Removing at32f421_spi.o(i.spi_i2s_flag_clear), (48 bytes).
    Removing at32f421_spi.o(i.spi_i2s_flag_get), (16 bytes).
    Removing at32f421_spi.o(i.spi_i2s_interrupt_enable), (18 bytes).
    Removing at32f421_spi.o(i.spi_i2s_reset), (64 bytes).
    Removing at32f421_spi.o(i.spi_init), (292 bytes).
    Removing at32f421_spi.o(i.spi_software_cs_internal_level_set), (10 bytes).
    Removing at32f421_wdt.o(.rev16_text), (4 bytes).
    Removing at32f421_wdt.o(.revsh_text), (4 bytes).
    Removing at32f421_wdt.o(.rrx_text), (6 bytes).
    Removing at32f421_wdt.o(i.wdt_counter_reload), (16 bytes).
    Removing at32f421_wdt.o(i.wdt_divider_set), (20 bytes).
    Removing at32f421_wdt.o(i.wdt_enable), (16 bytes).
    Removing at32f421_wdt.o(i.wdt_flag_get), (24 bytes).
    Removing at32f421_wdt.o(i.wdt_register_write_enable), (24 bytes).
    Removing at32f421_wdt.o(i.wdt_reload_value_set), (12 bytes).
    Removing at32f421_wwdt.o(.rev16_text), (4 bytes).
    Removing at32f421_wwdt.o(.revsh_text), (4 bytes).
    Removing at32f421_wwdt.o(.rrx_text), (6 bytes).
    Removing at32f421_wwdt.o(i.wwdt_counter_set), (20 bytes).
    Removing at32f421_wwdt.o(i.wwdt_divider_set), (20 bytes).
    Removing at32f421_wwdt.o(i.wwdt_enable), (16 bytes).
    Removing at32f421_wwdt.o(i.wwdt_flag_clear), (12 bytes).
    Removing at32f421_wwdt.o(i.wwdt_flag_get), (16 bytes).
    Removing at32f421_wwdt.o(i.wwdt_interrupt_enable), (24 bytes).
    Removing at32f421_wwdt.o(i.wwdt_reset), (24 bytes).
    Removing at32f421_wwdt.o(i.wwdt_window_counter_set), (20 bytes).
    Removing at32f421_crm.o(.rev16_text), (4 bytes).
    Removing at32f421_crm.o(.revsh_text), (4 bytes).
    Removing at32f421_crm.o(.rrx_text), (6 bytes).
    Removing at32f421_crm.o(i.crm_adc_clock_div_set), (32 bytes).
    Removing at32f421_crm.o(i.crm_battery_powered_domain_reset), (20 bytes).
    Removing at32f421_crm.o(i.crm_clkout_div_set), (20 bytes).
    Removing at32f421_crm.o(i.crm_clock_failure_detection_enable), (20 bytes).
    Removing at32f421_crm.o(i.crm_clock_out_set), (32 bytes).
    Removing at32f421_crm.o(i.crm_ertc_clock_enable), (20 bytes).
    Removing at32f421_crm.o(i.crm_ertc_clock_select), (20 bytes).
    Removing at32f421_crm.o(i.crm_flag_clear), (212 bytes).
    Removing at32f421_crm.o(i.crm_hext_bypass), (20 bytes).
    Removing at32f421_crm.o(i.crm_hick_clock_calibration_set), (40 bytes).
    Removing at32f421_crm.o(i.crm_hick_clock_trimming_set), (20 bytes).
    Removing at32f421_crm.o(i.crm_hick_divider_select), (20 bytes).
    Removing at32f421_crm.o(i.crm_hick_sclk_frequency_select), (28 bytes).
    Removing at32f421_crm.o(i.crm_interrupt_enable), (32 bytes).
    Removing at32f421_crm.o(i.crm_lext_bypass), (20 bytes).
    Removing at32f421_crm.o(i.crm_periph_reset), (68 bytes).
    Removing at32f421_crm.o(i.crm_periph_sleep_mode_clock_enable), (68 bytes).
    Removing at32f421_crm.o(i.crm_pll_config2), (132 bytes).
    Removing at32f421_gpio.o(.rev16_text), (4 bytes).
    Removing at32f421_gpio.o(.revsh_text), (4 bytes).
    Removing at32f421_gpio.o(.rrx_text), (6 bytes).
    Removing at32f421_gpio.o(i.gpio_bits_reset), (4 bytes).
    Removing at32f421_gpio.o(i.gpio_bits_set), (4 bytes).
    Removing at32f421_gpio.o(i.gpio_input_data_read), (8 bytes).
    Removing at32f421_gpio.o(i.gpio_output_data_bit_read), (18 bytes).
    Removing at32f421_gpio.o(i.gpio_output_data_read), (8 bytes).
    Removing at32f421_gpio.o(i.gpio_pin_wp_config), (18 bytes).
    Removing at32f421_gpio.o(i.gpio_pins_huge_driven_config), (18 bytes).
    Removing at32f421_gpio.o(i.gpio_port_write), (4 bytes).
    Removing at32f421_gpio.o(i.gpio_reset), (128 bytes).
    Removing at32f421_misc.o(.rev16_text), (4 bytes).
    Removing at32f421_misc.o(.revsh_text), (4 bytes).
    Removing at32f421_misc.o(.rrx_text), (6 bytes).
    Removing at32f421_misc.o(i.nvic_irq_disable), (44 bytes).
    Removing at32f421_misc.o(i.nvic_lowpower_mode_config), (32 bytes).
    Removing at32f421_misc.o(i.nvic_system_reset), (44 bytes).
    Removing at32f421_misc.o(i.nvic_vector_table_set), (20 bytes).
    Removing at32f421_tmr.o(.rev16_text), (4 bytes).
    Removing at32f421_tmr.o(.revsh_text), (4 bytes).
    Removing at32f421_tmr.o(.rrx_text), (6 bytes).
    Removing at32f421_tmr.o(i.tmr_brkdt_config), (72 bytes).
    Removing at32f421_tmr.o(i.tmr_brkdt_default_para_init), (18 bytes).
    Removing at32f421_tmr.o(i.tmr_channel1_input_select), (10 bytes).
    Removing at32f421_tmr.o(i.tmr_channel_buffer_enable), (10 bytes).
    Removing at32f421_tmr.o(i.tmr_channel_dma_select), (10 bytes).
    Removing at32f421_tmr.o(i.tmr_channel_enable), (96 bytes).
    Removing at32f421_tmr.o(i.tmr_channel_value_get), (46 bytes).
    Removing at32f421_tmr.o(i.tmr_channel_value_set), (40 bytes).
    Removing at32f421_tmr.o(i.tmr_clock_source_div_set), (10 bytes).
    Removing at32f421_tmr.o(i.tmr_counter_value_get), (6 bytes).
    Removing at32f421_tmr.o(i.tmr_counter_value_set), (4 bytes).
    Removing at32f421_tmr.o(i.tmr_div_value_get), (6 bytes).
    Removing at32f421_tmr.o(i.tmr_div_value_set), (4 bytes).
    Removing at32f421_tmr.o(i.tmr_dma_control_config), (18 bytes).
    Removing at32f421_tmr.o(i.tmr_dma_request_enable), (22 bytes).
    Removing at32f421_tmr.o(i.tmr_encoder_mode_config), (70 bytes).
    Removing at32f421_tmr.o(i.tmr_event_sw_trigger), (8 bytes).
    Removing at32f421_tmr.o(i.tmr_external_clock_config), (28 bytes).
    Removing at32f421_tmr.o(i.tmr_external_clock_mode1_config), (44 bytes).
    Removing at32f421_tmr.o(i.tmr_external_clock_mode2_config), (36 bytes).
    Removing at32f421_tmr.o(i.tmr_force_output_set), (66 bytes).
    Removing at32f421_tmr.o(i.tmr_hall_select), (10 bytes).
    Removing at32f421_tmr.o(i.tmr_input_channel_divider_set), (66 bytes).
    Removing at32f421_tmr.o(i.tmr_input_channel_filter_set), (66 bytes).
    Removing at32f421_tmr.o(i.tmr_input_channel_init), (304 bytes).
    Removing at32f421_tmr.o(i.tmr_input_default_para_init), (16 bytes).
    Removing at32f421_tmr.o(i.tmr_internal_clock_set), (10 bytes).
    Removing at32f421_tmr.o(i.tmr_iremap_config), (10 bytes).
    Removing at32f421_tmr.o(i.tmr_one_cycle_mode_enable), (10 bytes).
    Removing at32f421_tmr.o(i.tmr_output_channel_buffer_enable), (66 bytes).
    Removing at32f421_tmr.o(i.tmr_output_channel_config), (416 bytes).
    Removing at32f421_tmr.o(i.tmr_output_channel_immediately_set), (66 bytes).
    Removing at32f421_tmr.o(i.tmr_output_channel_mode_select), (66 bytes).
    Removing at32f421_tmr.o(i.tmr_output_channel_polarity_set), (96 bytes).
    Removing at32f421_tmr.o(i.tmr_output_channel_switch_select), (10 bytes).
    Removing at32f421_tmr.o(i.tmr_output_channel_switch_set), (66 bytes).
    Removing at32f421_tmr.o(i.tmr_output_default_para_init), (18 bytes).
    Removing at32f421_tmr.o(i.tmr_output_enable), (10 bytes).
    Removing at32f421_tmr.o(i.tmr_overflow_event_disable), (10 bytes).
    Removing at32f421_tmr.o(i.tmr_overflow_request_source_set), (10 bytes).
    Removing at32f421_tmr.o(i.tmr_period_buffer_enable), (10 bytes).
    Removing at32f421_tmr.o(i.tmr_period_value_get), (6 bytes).
    Removing at32f421_tmr.o(i.tmr_period_value_set), (4 bytes).
    Removing at32f421_tmr.o(i.tmr_primary_mode_select), (10 bytes).
    Removing at32f421_tmr.o(i.tmr_pwm_input_config), (350 bytes).
    Removing at32f421_tmr.o(i.tmr_repetition_counter_set), (10 bytes).
    Removing at32f421_tmr.o(i.tmr_reset), (216 bytes).
    Removing at32f421_tmr.o(i.tmr_sub_mode_select), (10 bytes).
    Removing at32f421_tmr.o(i.tmr_sub_sync_mode_set), (10 bytes).
    Removing at32f421_tmr.o(i.tmr_trigger_input_select), (10 bytes).
    Removing at32f421_usart.o(.rev16_text), (4 bytes).
    Removing at32f421_usart.o(.revsh_text), (4 bytes).
    Removing at32f421_usart.o(.rrx_text), (6 bytes).
    Removing at32f421_usart.o(i.usart_break_bit_num_set), (10 bytes).
    Removing at32f421_usart.o(i.usart_break_send), (12 bytes).
    Removing at32f421_usart.o(i.usart_clock_config), (28 bytes).
    Removing at32f421_usart.o(i.usart_clock_enable), (10 bytes).
    Removing at32f421_usart.o(i.usart_dma_receiver_enable), (10 bytes).
    Removing at32f421_usart.o(i.usart_dma_transmitter_enable), (10 bytes).
    Removing at32f421_usart.o(i.usart_flag_clear), (18 bytes).
    Removing at32f421_usart.o(i.usart_hardware_flow_control_set), (102 bytes).
    Removing at32f421_usart.o(i.usart_irda_low_power_enable), (10 bytes).
    Removing at32f421_usart.o(i.usart_irda_mode_enable), (10 bytes).
    Removing at32f421_usart.o(i.usart_irda_smartcard_division_set), (10 bytes).
    Removing at32f421_usart.o(i.usart_lin_mode_enable), (10 bytes).
    Removing at32f421_usart.o(i.usart_parity_selection_config), (76 bytes).
    Removing at32f421_usart.o(i.usart_receiver_mute_enable), (10 bytes).
    Removing at32f421_usart.o(i.usart_reset), (64 bytes).
    Removing at32f421_usart.o(i.usart_single_line_halfduplex_select), (10 bytes).
    Removing at32f421_usart.o(i.usart_smartcard_guard_time_set), (10 bytes).
    Removing at32f421_usart.o(i.usart_smartcard_mode_enable), (10 bytes).
    Removing at32f421_usart.o(i.usart_smartcard_nack_set), (10 bytes).
    Removing at32f421_usart.o(i.usart_transmit_receive_pin_swap), (10 bytes).
    Removing at32f421_usart.o(i.usart_wakeup_id_set), (10 bytes).
    Removing at32f421_usart.o(i.usart_wakeup_mode_set), (10 bytes).
    Removing system_at32f421.o(.rev16_text), (4 bytes).
    Removing system_at32f421.o(.revsh_text), (4 bytes).
    Removing system_at32f421.o(.rrx_text), (6 bytes).
    Removing ball_game.o(.rev16_text), (4 bytes).
    Removing ball_game.o(.revsh_text), (4 bytes).
    Removing ball_game.o(.rrx_text), (6 bytes).
    Removing ball_game.o(i.ball_game_init), (2 bytes).

430 unused section(s) (total 14640 bytes) removed from the image.

==============================================================================

Image Symbol Table

    Local Symbols

    Symbol Name                              Value     Ov Type        Size  Object(Section)

    ../clib/angel/boardlib.s                 0x00000000   Number         0  boardinit3.o ABSOLUTE
    ../clib/angel/boardlib.s                 0x00000000   Number         0  boardinit2.o ABSOLUTE
    ../clib/angel/boardlib.s                 0x00000000   Number         0  boardinit1.o ABSOLUTE
    ../clib/angel/boardlib.s                 0x00000000   Number         0  boardshut.o ABSOLUTE
    ../clib/angel/handlers.s                 0x00000000   Number         0  __scatter_copy.o ABSOLUTE
    ../clib/angel/handlers.s                 0x00000000   Number         0  __scatter_zi.o ABSOLUTE
    ../clib/angel/kernel.s                   0x00000000   Number         0  rtexit.o ABSOLUTE
    ../clib/angel/kernel.s                   0x00000000   Number         0  rtexit2.o ABSOLUTE
    ../clib/angel/kernel.s                   0x00000000   Number         0  __rtentry2.o ABSOLUTE
    ../clib/angel/kernel.s                   0x00000000   Number         0  __rtentry4.o ABSOLUTE
    ../clib/angel/kernel.s                   0x00000000   Number         0  __rtentry.o ABSOLUTE
    ../clib/angel/rt.s                       0x00000000   Number         0  rt_raise.o ABSOLUTE
    ../clib/angel/rt.s                       0x00000000   Number         0  rt_div0.o ABSOLUTE
    ../clib/angel/rt.s                       0x00000000   Number         0  aeabi_ldiv0_sigfpe.o ABSOLUTE
    ../clib/angel/rt.s                       0x00000000   Number         0  aeabi_ldiv0.o ABSOLUTE
    ../clib/angel/scatter.s                  0x00000000   Number         0  __scatter.o ABSOLUTE
    ../clib/angel/startup.s                  0x00000000   Number         0  __main.o ABSOLUTE
    ../clib/angel/sys.s                      0x00000000   Number         0  use_no_semi.o ABSOLUTE
    ../clib/angel/sys.s                      0x00000000   Number         0  indicate_semi.o ABSOLUTE
    ../clib/angel/sys.s                      0x00000000   Number         0  libspace.o ABSOLUTE
    ../clib/angel/sys.s                      0x00000000   Number         0  sys_stackheap_outer.o ABSOLUTE
    ../clib/angel/sysapp.c                   0x00000000   Number         0  sys_exit.o ABSOLUTE
    ../clib/angel/sysapp.c                   0x00000000   Number         0  sys_command.o ABSOLUTE
    ../clib/angel/sysapp.c                   0x00000000   Number         0  sys_wrch.o ABSOLUTE
    ../clib/armsys.c                         0x00000000   Number         0  argv_veneer.o ABSOLUTE
    ../clib/armsys.c                         0x00000000   Number         0  argv_veneer.o ABSOLUTE
    ../clib/armsys.c                         0x00000000   Number         0  _get_argv_nomalloc.o ABSOLUTE
    ../clib/armsys.c                         0x00000000   Number         0  no_argv.o ABSOLUTE
    ../clib/heapalloc.c                      0x00000000   Number         0  hrguard.o ABSOLUTE
    ../clib/heapaux.c                        0x00000000   Number         0  heapauxi.o ABSOLUTE
    ../clib/libinit.s                        0x00000000   Number         0  libinit2.o ABSOLUTE
    ../clib/libinit.s                        0x00000000   Number         0  libinit.o ABSOLUTE
    ../clib/libinit.s                        0x00000000   Number         0  libshutdown2.o ABSOLUTE
    ../clib/libinit.s                        0x00000000   Number         0  libshutdown.o ABSOLUTE
    ../clib/longlong.s                       0x00000000   Number         0  lludivv7m.o ABSOLUTE
    ../clib/signal.c                         0x00000000   Number         0  defsig_segv_inner.o ABSOLUTE
    ../clib/signal.c                         0x00000000   Number         0  defsig_other.o ABSOLUTE
    ../clib/signal.c                         0x00000000   Number         0  defsig_fpe_formal.o ABSOLUTE
    ../clib/signal.c                         0x00000000   Number         0  defsig_fpe_outer.o ABSOLUTE
    ../clib/signal.c                         0x00000000   Number         0  defsig_fpe_inner.o ABSOLUTE
    ../clib/signal.c                         0x00000000   Number         0  defsig_pvfn_inner.o ABSOLUTE
    ../clib/signal.c                         0x00000000   Number         0  defsig_rtmem_formal.o ABSOLUTE
    ../clib/signal.c                         0x00000000   Number         0  defsig_rtmem_outer.o ABSOLUTE
    ../clib/signal.c                         0x00000000   Number         0  defsig_stak_inner.o ABSOLUTE
    ../clib/signal.c                         0x00000000   Number         0  defsig_rtred_inner.o ABSOLUTE
    ../clib/signal.c                         0x00000000   Number         0  defsig_abrt_inner.o ABSOLUTE
    ../clib/signal.c                         0x00000000   Number         0  defsig_exit.o ABSOLUTE
    ../clib/signal.c                         0x00000000   Number         0  __raise.o ABSOLUTE
    ../clib/signal.c                         0x00000000   Number         0  defsig_cppl_inner.o ABSOLUTE
    ../clib/signal.c                         0x00000000   Number         0  defsig_rtmem_inner.o ABSOLUTE
    ../clib/signal.c                         0x00000000   Number         0  defsig_general.o ABSOLUTE
    ../clib/signal.s                         0x00000000   Number         0  defsig.o ABSOLUTE
    ../clib/stdlib.c                         0x00000000   Number         0  rand.o ABSOLUTE
    ../clib/stdlib.c                         0x00000000   Number         0  rand.o ABSOLUTE
    ../clib/stdlib.c                         0x00000000   Number         0  exit.o ABSOLUTE
    ../fplib/fpinit.s                        0x00000000   Number         0  fpinit.o ABSOLUTE
    ..\Dev\ball_game.c                       0x00000000   Number         0  ball_game.o ABSOLUTE
    ..\\Dev\\ball_game.c                     0x00000000   Number         0  ball_game.o ABSOLUTE
    ..\\bsp\\BSP.c                           0x00000000   Number         0  bsp.o ABSOLUTE
    ..\\bsp\\key.c                           0x00000000   Number         0  key.o ABSOLUTE
    ..\\bsp\\uart.c                          0x00000000   Number         0  uart.o ABSOLUTE
    ..\\libraries\\cmsis\\cm4\\device_support\\system_at32f421.c 0x00000000   Number         0  system_at32f421.o ABSOLUTE
    ..\\libraries\\drivers\\src\\at32f421_adc.c 0x00000000   Number         0  at32f421_adc.o ABSOLUTE
    ..\\libraries\\drivers\\src\\at32f421_cmp.c 0x00000000   Number         0  at32f421_cmp.o ABSOLUTE
    ..\\libraries\\drivers\\src\\at32f421_crc.c 0x00000000   Number         0  at32f421_crc.o ABSOLUTE
    ..\\libraries\\drivers\\src\\at32f421_crm.c 0x00000000   Number         0  at32f421_crm.o ABSOLUTE
    ..\\libraries\\drivers\\src\\at32f421_debug.c 0x00000000   Number         0  at32f421_debug.o ABSOLUTE
    ..\\libraries\\drivers\\src\\at32f421_dma.c 0x00000000   Number         0  at32f421_dma.o ABSOLUTE
    ..\\libraries\\drivers\\src\\at32f421_ertc.c 0x00000000   Number         0  at32f421_ertc.o ABSOLUTE
    ..\\libraries\\drivers\\src\\at32f421_exint.c 0x00000000   Number         0  at32f421_exint.o ABSOLUTE
    ..\\libraries\\drivers\\src\\at32f421_flash.c 0x00000000   Number         0  at32f421_flash.o ABSOLUTE
    ..\\libraries\\drivers\\src\\at32f421_gpio.c 0x00000000   Number         0  at32f421_gpio.o ABSOLUTE
    ..\\libraries\\drivers\\src\\at32f421_i2c.c 0x00000000   Number         0  at32f421_i2c.o ABSOLUTE
    ..\\libraries\\drivers\\src\\at32f421_misc.c 0x00000000   Number         0  at32f421_misc.o ABSOLUTE
    ..\\libraries\\drivers\\src\\at32f421_pwc.c 0x00000000   Number         0  at32f421_pwc.o ABSOLUTE
    ..\\libraries\\drivers\\src\\at32f421_scfg.c 0x00000000   Number         0  at32f421_scfg.o ABSOLUTE
    ..\\libraries\\drivers\\src\\at32f421_spi.c 0x00000000   Number         0  at32f421_spi.o ABSOLUTE
    ..\\libraries\\drivers\\src\\at32f421_tmr.c 0x00000000   Number         0  at32f421_tmr.o ABSOLUTE
    ..\\libraries\\drivers\\src\\at32f421_usart.c 0x00000000   Number         0  at32f421_usart.o ABSOLUTE
    ..\\libraries\\drivers\\src\\at32f421_wdt.c 0x00000000   Number         0  at32f421_wdt.o ABSOLUTE
    ..\\libraries\\drivers\\src\\at32f421_wwdt.c 0x00000000   Number         0  at32f421_wwdt.o ABSOLUTE
    ..\\src\\at32f421_clock.c                0x00000000   Number         0  at32f421_clock.o ABSOLUTE
    ..\\src\\at32f421_int.c                  0x00000000   Number         0  at32f421_int.o ABSOLUTE
    ..\\src\\main.c                          0x00000000   Number         0  main.o ABSOLUTE
    ..\bsp\BSP.c                             0x00000000   Number         0  bsp.o ABSOLUTE
    ..\bsp\key.c                             0x00000000   Number         0  key.o ABSOLUTE
    ..\bsp\uart.c                            0x00000000   Number         0  uart.o ABSOLUTE
    ..\libraries\cmsis\cm4\device_support\startup\mdk\startup_at32f421.s 0x00000000   Number         0  startup_at32f421.o ABSOLUTE
    ..\libraries\cmsis\cm4\device_support\system_at32f421.c 0x00000000   Number         0  system_at32f421.o ABSOLUTE
    ..\libraries\drivers\src\at32f421_adc.c  0x00000000   Number         0  at32f421_adc.o ABSOLUTE
    ..\libraries\drivers\src\at32f421_cmp.c  0x00000000   Number         0  at32f421_cmp.o ABSOLUTE
    ..\libraries\drivers\src\at32f421_crc.c  0x00000000   Number         0  at32f421_crc.o ABSOLUTE
    ..\libraries\drivers\src\at32f421_crm.c  0x00000000   Number         0  at32f421_crm.o ABSOLUTE
    ..\libraries\drivers\src\at32f421_debug.c 0x00000000   Number         0  at32f421_debug.o ABSOLUTE
    ..\libraries\drivers\src\at32f421_dma.c  0x00000000   Number         0  at32f421_dma.o ABSOLUTE
    ..\libraries\drivers\src\at32f421_ertc.c 0x00000000   Number         0  at32f421_ertc.o ABSOLUTE
    ..\libraries\drivers\src\at32f421_exint.c 0x00000000   Number         0  at32f421_exint.o ABSOLUTE
    ..\libraries\drivers\src\at32f421_flash.c 0x00000000   Number         0  at32f421_flash.o ABSOLUTE
    ..\libraries\drivers\src\at32f421_gpio.c 0x00000000   Number         0  at32f421_gpio.o ABSOLUTE
    ..\libraries\drivers\src\at32f421_i2c.c  0x00000000   Number         0  at32f421_i2c.o ABSOLUTE
    ..\libraries\drivers\src\at32f421_misc.c 0x00000000   Number         0  at32f421_misc.o ABSOLUTE
    ..\libraries\drivers\src\at32f421_pwc.c  0x00000000   Number         0  at32f421_pwc.o ABSOLUTE
    ..\libraries\drivers\src\at32f421_scfg.c 0x00000000   Number         0  at32f421_scfg.o ABSOLUTE
    ..\libraries\drivers\src\at32f421_spi.c  0x00000000   Number         0  at32f421_spi.o ABSOLUTE
    ..\libraries\drivers\src\at32f421_tmr.c  0x00000000   Number         0  at32f421_tmr.o ABSOLUTE
    ..\libraries\drivers\src\at32f421_usart.c 0x00000000   Number         0  at32f421_usart.o ABSOLUTE
    ..\libraries\drivers\src\at32f421_wdt.c  0x00000000   Number         0  at32f421_wdt.o ABSOLUTE
    ..\libraries\drivers\src\at32f421_wwdt.c 0x00000000   Number         0  at32f421_wwdt.o ABSOLUTE
    ..\src\at32f421_clock.c                  0x00000000   Number         0  at32f421_clock.o ABSOLUTE
    ..\src\at32f421_int.c                    0x00000000   Number         0  at32f421_int.o ABSOLUTE
    ..\src\main.c                            0x00000000   Number         0  main.o ABSOLUTE
    dc.s                                     0x00000000   Number         0  dc.o ABSOLUTE
    RESET                                    0x08000000   Section      204  startup_at32f421.o(RESET)
    !!!main                                  0x080000cc   Section        8  __main.o(!!!main)
    !!!scatter                               0x080000d4   Section       52  __scatter.o(!!!scatter)
    !!handler_copy                           0x08000108   Section       26  __scatter_copy.o(!!handler_copy)
    !!handler_zi                             0x08000124   Section       28  __scatter_zi.o(!!handler_zi)
    .ARM.Collect$$libinit$$00000000          0x08000140   Section        2  libinit.o(.ARM.Collect$$libinit$$00000000)
    .ARM.Collect$$libinit$$00000002          0x08000142   Section        0  libinit2.o(.ARM.Collect$$libinit$$00000002)
    .ARM.Collect$$libinit$$00000004          0x08000142   Section        0  libinit2.o(.ARM.Collect$$libinit$$00000004)
    .ARM.Collect$$libinit$$0000000A          0x08000142   Section        0  libinit2.o(.ARM.Collect$$libinit$$0000000A)
    .ARM.Collect$$libinit$$0000000C          0x08000142   Section        0  libinit2.o(.ARM.Collect$$libinit$$0000000C)
    .ARM.Collect$$libinit$$0000000D          0x08000142   Section        4  libinit2.o(.ARM.Collect$$libinit$$0000000D)
    .ARM.Collect$$libinit$$0000000E          0x08000146   Section        0  libinit2.o(.ARM.Collect$$libinit$$0000000E)
    .ARM.Collect$$libinit$$00000011          0x08000146   Section        0  libinit2.o(.ARM.Collect$$libinit$$00000011)
    .ARM.Collect$$libinit$$00000013          0x08000146   Section        0  libinit2.o(.ARM.Collect$$libinit$$00000013)
    .ARM.Collect$$libinit$$00000015          0x08000146   Section        0  libinit2.o(.ARM.Collect$$libinit$$00000015)
    .ARM.Collect$$libinit$$00000017          0x08000146   Section        0  libinit2.o(.ARM.Collect$$libinit$$00000017)
    .ARM.Collect$$libinit$$00000019          0x08000146   Section        0  libinit2.o(.ARM.Collect$$libinit$$00000019)
    .ARM.Collect$$libinit$$0000001B          0x08000146   Section        0  libinit2.o(.ARM.Collect$$libinit$$0000001B)
    .ARM.Collect$$libinit$$0000001D          0x08000146   Section        0  libinit2.o(.ARM.Collect$$libinit$$0000001D)
    .ARM.Collect$$libinit$$0000001F          0x08000146   Section        0  libinit2.o(.ARM.Collect$$libinit$$0000001F)
    .ARM.Collect$$libinit$$00000021          0x08000146   Section        0  libinit2.o(.ARM.Collect$$libinit$$00000021)
    .ARM.Collect$$libinit$$00000023          0x08000146   Section        0  libinit2.o(.ARM.Collect$$libinit$$00000023)
    .ARM.Collect$$libinit$$00000025          0x08000146   Section        0  libinit2.o(.ARM.Collect$$libinit$$00000025)
    .ARM.Collect$$libinit$$0000002C          0x08000146   Section        0  libinit2.o(.ARM.Collect$$libinit$$0000002C)
    .ARM.Collect$$libinit$$0000002E          0x08000146   Section        0  libinit2.o(.ARM.Collect$$libinit$$0000002E)
    .ARM.Collect$$libinit$$00000030          0x08000146   Section        0  libinit2.o(.ARM.Collect$$libinit$$00000030)
    .ARM.Collect$$libinit$$00000032          0x08000146   Section        0  libinit2.o(.ARM.Collect$$libinit$$00000032)
    .ARM.Collect$$libinit$$00000033          0x08000146   Section        2  libinit2.o(.ARM.Collect$$libinit$$00000033)
    .ARM.Collect$$libshutdown$$00000000      0x08000148   Section        2  libshutdown.o(.ARM.Collect$$libshutdown$$00000000)
    .ARM.Collect$$libshutdown$$00000002      0x0800014a   Section        0  libshutdown2.o(.ARM.Collect$$libshutdown$$00000002)
    .ARM.Collect$$libshutdown$$00000004      0x0800014a   Section        0  libshutdown2.o(.ARM.Collect$$libshutdown$$00000004)
    .ARM.Collect$$libshutdown$$00000006      0x0800014a   Section        0  libshutdown2.o(.ARM.Collect$$libshutdown$$00000006)
    .ARM.Collect$$libshutdown$$00000009      0x0800014a   Section        0  libshutdown2.o(.ARM.Collect$$libshutdown$$00000009)
    .ARM.Collect$$libshutdown$$0000000C      0x0800014a   Section        0  libshutdown2.o(.ARM.Collect$$libshutdown$$0000000C)
    .ARM.Collect$$libshutdown$$0000000E      0x0800014a   Section        0  libshutdown2.o(.ARM.Collect$$libshutdown$$0000000E)
    .ARM.Collect$$libshutdown$$00000011      0x0800014a   Section        0  libshutdown2.o(.ARM.Collect$$libshutdown$$00000011)
    .ARM.Collect$$libshutdown$$00000012      0x0800014a   Section        2  libshutdown2.o(.ARM.Collect$$libshutdown$$00000012)
    .ARM.Collect$$rtentry$$00000000          0x0800014c   Section        0  __rtentry.o(.ARM.Collect$$rtentry$$00000000)
    .ARM.Collect$$rtentry$$00000002          0x0800014c   Section        0  __rtentry2.o(.ARM.Collect$$rtentry$$00000002)
    .ARM.Collect$$rtentry$$00000004          0x0800014c   Section        6  __rtentry4.o(.ARM.Collect$$rtentry$$00000004)
    .ARM.Collect$$rtentry$$00000009          0x08000152   Section        0  __rtentry2.o(.ARM.Collect$$rtentry$$00000009)
    .ARM.Collect$$rtentry$$0000000A          0x08000152   Section        4  __rtentry2.o(.ARM.Collect$$rtentry$$0000000A)
    .ARM.Collect$$rtentry$$0000000C          0x08000156   Section        0  __rtentry2.o(.ARM.Collect$$rtentry$$0000000C)
    .ARM.Collect$$rtentry$$0000000D          0x08000156   Section        8  __rtentry2.o(.ARM.Collect$$rtentry$$0000000D)
    .ARM.Collect$$rtexit$$00000000           0x0800015e   Section        2  rtexit.o(.ARM.Collect$$rtexit$$00000000)
    .ARM.Collect$$rtexit$$00000002           0x08000160   Section        0  rtexit2.o(.ARM.Collect$$rtexit$$00000002)
    .ARM.Collect$$rtexit$$00000003           0x08000160   Section        4  rtexit2.o(.ARM.Collect$$rtexit$$00000003)
    .ARM.Collect$$rtexit$$00000004           0x08000164   Section        6  rtexit2.o(.ARM.Collect$$rtexit$$00000004)
    .emb_text                                0x0800016c   Section       52  rand.o(.emb_text)
    .text                                    0x080001a0   Section       64  startup_at32f421.o(.text)
    .text                                    0x080001e0   Section      238  lludivv7m.o(.text)
    .text                                    0x080002d0   Section        0  rand.o(.text)
    .text                                    0x0800030c   Section        0  heapauxi.o(.text)
    .text                                    0x08000312   Section       74  sys_stackheap_outer.o(.text)
    .text                                    0x0800035c   Section        0  exit.o(.text)
    .text                                    0x08000370   Section        8  libspace.o(.text)
    .text                                    0x08000378   Section        0  sys_exit.o(.text)
    .text                                    0x08000384   Section        2  use_no_semi.o(.text)
    .text                                    0x08000386   Section        0  indicate_semi.o(.text)
    i.BusFault_Handler                       0x08000386   Section        0  at32f421_int.o(i.BusFault_Handler)
    i.DebugMon_Handler                       0x0800038a   Section        0  at32f421_int.o(i.DebugMon_Handler)
    i.HAL_GetTick                            0x0800038c   Section        0  main.o(i.HAL_GetTick)
    i.HAL_IncTick                            0x08000398   Section        0  main.o(i.HAL_IncTick)
    i.HardFault_Handler                      0x080003a8   Section        0  at32f421_int.o(i.HardFault_Handler)
    i.MemManage_Handler                      0x080003ac   Section        0  at32f421_int.o(i.MemManage_Handler)
    i.NMI_Handler                            0x080003b0   Section        0  at32f421_int.o(i.NMI_Handler)
    i.PendSV_Handler                         0x080003b2   Section        0  at32f421_int.o(i.PendSV_Handler)
    i.SVC_Handler                            0x080003b4   Section        0  at32f421_int.o(i.SVC_Handler)
    i.SysTick_Handler                        0x080003b6   Section        0  at32f421_int.o(i.SysTick_Handler)
    i.SystemInit                             0x080003b8   Section        0  system_at32f421.o(i.SystemInit)
    i.TMR1_BRK_OVF_TRG_HALL_IRQHandler       0x08000424   Section        0  main.o(i.TMR1_BRK_OVF_TRG_HALL_IRQHandler)
    i.USART1_IRQHandler                      0x0800044c   Section        0  uart.o(i.USART1_IRQHandler)
    i.UsageFault_Handler                     0x080004e0   Section        0  at32f421_int.o(i.UsageFault_Handler)
    i.ball_game_period_callback              0x080004e4   Section        0  ball_game.o(i.ball_game_period_callback)
    i.com_rx_cb_cmd_respone                  0x080006cc   Section        0  ball_game.o(i.com_rx_cb_cmd_respone)
    i.com_rx_cb_play_finished                0x080006d4   Section        0  ball_game.o(i.com_rx_cb_play_finished)
    i.com_rx_parse                           0x0800070c   Section        0  uart.o(i.com_rx_parse)
    i.crm_ahb_div_set                        0x08000828   Section        0  at32f421_crm.o(i.crm_ahb_div_set)
    i.crm_apb1_div_set                       0x0800083c   Section        0  at32f421_crm.o(i.crm_apb1_div_set)
    i.crm_apb2_div_set                       0x08000850   Section        0  at32f421_crm.o(i.crm_apb2_div_set)
    i.crm_auto_step_mode_enable              0x08000864   Section        0  at32f421_crm.o(i.crm_auto_step_mode_enable)
    i.crm_clock_source_enable                0x0800088c   Section        0  at32f421_crm.o(i.crm_clock_source_enable)
    i.crm_clocks_freq_get                    0x080008ec   Section        0  at32f421_crm.o(i.crm_clocks_freq_get)
    i.crm_flag_get                           0x08000a98   Section        0  at32f421_crm.o(i.crm_flag_get)
    i.crm_hext_stable_wait                   0x08000ac8   Section        0  at32f421_crm.o(i.crm_hext_stable_wait)
    i.crm_periph_clock_enable                0x08000af8   Section        0  at32f421_crm.o(i.crm_periph_clock_enable)
    i.crm_pll_config                         0x08000b3c   Section        0  at32f421_crm.o(i.crm_pll_config)
    i.crm_reset                              0x08000c50   Section        0  at32f421_crm.o(i.crm_reset)
    i.crm_sysclk_switch                      0x08000cb4   Section        0  at32f421_crm.o(i.crm_sysclk_switch)
    i.crm_sysclk_switch_status_get           0x08000cc8   Section        0  at32f421_crm.o(i.crm_sysclk_switch_status_get)
    i.delay_init                             0x08000cd8   Section        0  main.o(i.delay_init)
    i.delay_ms                               0x08000d10   Section        0  main.o(i.delay_ms)
    i.gpio_bits_write                        0x08000d84   Section        0  at32f421_gpio.o(i.gpio_bits_write)
    i.gpio_configuration                     0x08000d90   Section        0  main.o(i.gpio_configuration)
    i.gpio_default_para_init                 0x08000e10   Section        0  at32f421_gpio.o(i.gpio_default_para_init)
    i.gpio_init                              0x08000e24   Section        0  at32f421_gpio.o(i.gpio_init)
    i.gpio_input_data_bit_read               0x08000e9e   Section        0  at32f421_gpio.o(i.gpio_input_data_bit_read)
    i.gpio_pin_mux_config                    0x08000eb0   Section        0  at32f421_gpio.o(i.gpio_pin_mux_config)
    i.key_ball_sig                           0x08000ef4   Section        0  key.o(i.key_ball_sig)
    i.main                                   0x08000f60   Section        0  main.o(i.main)
    i.nvic_irq_enable                        0x08001034   Section        0  at32f421_misc.o(i.nvic_irq_enable)
    i.nvic_priority_group_config             0x080010fc   Section        0  at32f421_misc.o(i.nvic_priority_group_config)
    i.sound_play_sndx                        0x08001124   Section        0  ball_game.o(i.sound_play_sndx)
    i.sound_set_volume                       0x08001164   Section        0  ball_game.o(i.sound_set_volume)
    i.sound_stop                             0x08001194   Section        0  ball_game.o(i.sound_stop)
    i.system_clock_config                    0x080011c0   Section        0  at32f421_clock.o(i.system_clock_config)
    i.system_core_clock_update               0x08001234   Section        0  system_at32f421.o(i.system_core_clock_update)
    i.systick_clock_source_config            0x08001388   Section        0  at32f421_misc.o(i.systick_clock_source_config)
    i.tmr_base_init                          0x080013b0   Section        0  at32f421_tmr.o(i.tmr_base_init)
    i.tmr_cnt_dir_set                        0x080013c0   Section        0  at32f421_tmr.o(i.tmr_cnt_dir_set)
    i.tmr_counter_enable                     0x080013ca   Section        0  at32f421_tmr.o(i.tmr_counter_enable)
    i.tmr_flag_clear                         0x080013d4   Section        0  at32f421_tmr.o(i.tmr_flag_clear)
    i.tmr_flag_get                           0x080013da   Section        0  at32f421_tmr.o(i.tmr_flag_get)
    i.tmr_interrupt_enable                   0x080013ec   Section        0  at32f421_tmr.o(i.tmr_interrupt_enable)
    i.uart_dis_tx_en_rx                      0x08001404   Section        0  uart.o(i.uart_dis_tx_en_rx)
    i.uart_init                              0x08001440   Section        0  uart.o(i.uart_init)
    i.uart_rd_ring_buff                      0x0800145c   Section        0  uart.o(i.uart_rd_ring_buff)
    i.uart_ring_buff_init                    0x0800149c   Section        0  uart.o(i.uart_ring_buff_init)
    i.uart_rx_process_is_time_out            0x080014ac   Section        0  uart.o(i.uart_rx_process_is_time_out)
    i.uart_rx_process_start_cnt              0x080014d0   Section        0  uart.o(i.uart_rx_process_start_cnt)
    i.uart_rx_process_tmr_cnt                0x080014e4   Section        0  uart.o(i.uart_rx_process_tmr_cnt)
    i.uart_send_data                         0x0800150c   Section        0  uart.o(i.uart_send_data)
    i.uart_wr_ring_buff                      0x0800156c   Section        0  uart.o(i.uart_wr_ring_buff)
    i.usart_configuration                    0x080015a8   Section        0  main.o(i.usart_configuration)
    i.usart_data_receive                     0x0800163c   Section        0  at32f421_usart.o(i.usart_data_receive)
    i.usart_data_transmit                    0x08001644   Section        0  at32f421_usart.o(i.usart_data_transmit)
    i.usart_enable                           0x0800164c   Section        0  at32f421_usart.o(i.usart_enable)
    i.usart_flag_get                         0x08001656   Section        0  at32f421_usart.o(i.usart_flag_get)
    i.usart_init                             0x08001668   Section        0  at32f421_usart.o(i.usart_init)
    i.usart_interrupt_enable                 0x080016d4   Section        0  at32f421_usart.o(i.usart_interrupt_enable)
    i.usart_receiver_enable                  0x0800170a   Section        0  at32f421_usart.o(i.usart_receiver_enable)
    i.usart_transmitter_enable               0x08001714   Section        0  at32f421_usart.o(i.usart_transmitter_enable)
    .constdata                               0x08001720   Section       16  uart.o(.constdata)
    .constdata                               0x08001730   Section       40  at32f421_crm.o(.constdata)
    sclk_ahb_div_table                       0x08001730   Data          16  at32f421_crm.o(.constdata)
    ahb_apb1_div_table                       0x08001740   Data           8  at32f421_crm.o(.constdata)
    ahb_apb2_div_table                       0x08001748   Data           8  at32f421_crm.o(.constdata)
    adc_div_table                            0x08001750   Data           8  at32f421_crm.o(.constdata)
    .constdata                               0x08001758   Section       16  system_at32f421.o(.constdata)
    sys_ahb_div_table                        0x08001758   Data          16  system_at32f421.o(.constdata)
    .data                                    0x20000000   Section       20  main.o(.data)
    led_sw                                   0x20000000   Data           1  main.o(.data)
    last_led_tick                            0x20000004   Data           4  main.o(.data)
    uwTick                                   0x20000008   Data           4  main.o(.data)
    fac_us                                   0x2000000c   Data           4  main.o(.data)
    fac_ms                                   0x20000010   Data           4  main.o(.data)
    .data                                    0x20000014   Section       18  uart.o(.data)
    timecnt                                  0x20000014   Data           2  uart.o(.data)
    rx_byte                                  0x20000016   Data           1  uart.o(.data)
    cnt                                      0x20000024   Data           2  uart.o(.data)
    .data                                    0x20000026   Section        6  key.o(.data)
    evt                                      0x20000026   Data           1  key.o(.data)
    hcnt                                     0x20000028   Data           2  key.o(.data)
    lcnt                                     0x2000002a   Data           2  key.o(.data)
    .data                                    0x2000002c   Section        4  system_at32f421.o(.data)
    .data                                    0x20000030   Section       25  ball_game.o(.data)
    game_err                                 0x20000030   Data           1  ball_game.o(.data)
    led_idle_step                            0x20000040   Data           1  ball_game.o(.data)
    last_led_tick                            0x20000044   Data           4  ball_game.o(.data)
    sw                                       0x20000048   Data           1  ball_game.o(.data)
    .bss                                     0x2000004c   Section       20  main.o(.bss)
    .bss                                     0x20000060   Section       56  uart.o(.bss)
    .bss                                     0x20000098   Section       10  ball_game.o(.bss)
    tx_buf                                   0x20000098   Data          10  ball_game.o(.bss)
    .bss                                     0x200000a4   Section      228  rand.o(.bss)
    .bss                                     0x20000188   Section       96  libspace.o(.bss)
    HEAP                                     0x200001e8   Section      512  startup_at32f421.o(HEAP)
    Heap_Mem                                 0x200001e8   Data         512  startup_at32f421.o(HEAP)
    STACK                                    0x200003e8   Section     1024  startup_at32f421.o(STACK)
    Stack_Mem                                0x200003e8   Data        1024  startup_at32f421.o(STACK)
    __initial_sp                             0x200007e8   Data           0  startup_at32f421.o(STACK)

    Global Symbols

    Symbol Name                              Value     Ov Type        Size  Object(Section)

    BuildAttributes$$THM_ISAv4$E$P$D$K$B$S$7EM$PE$A:L22UL41UL21$X:L11$S22US41US21$IEEE1$IW$USESV6$~STKCKD$USESV7$~SHL$OSPACE$ROPI$EBA8$UX$STANDARDLIB$REQ8$PRES8$EABIv2 0x00000000   Number         0  anon$$obj.o ABSOLUTE
    __ARM_use_no_argv                        0x00000000   Number         0  main.o ABSOLUTE
    __ARM_exceptions_init                     - Undefined Weak Reference
    __alloca_initialize                       - Undefined Weak Reference
    __arm_fini_                               - Undefined Weak Reference
    __arm_preinit_                            - Undefined Weak Reference
    __cpp_initialize__aeabi_                  - Undefined Weak Reference
    __cxa_finalize                            - Undefined Weak Reference
    __rt_locale                               - Undefined Weak Reference
    __sigvec_lookup                           - Undefined Weak Reference
    _atexit_init                              - Undefined Weak Reference
    _call_atexit_fns                          - Undefined Weak Reference
    _clock_init                               - Undefined Weak Reference
    _fp_trap_init                             - Undefined Weak Reference
    _fp_trap_shutdown                         - Undefined Weak Reference
    _get_lc_collate                           - Undefined Weak Reference
    _get_lc_ctype                             - Undefined Weak Reference
    _get_lc_monetary                          - Undefined Weak Reference
    _get_lc_numeric                           - Undefined Weak Reference
    _get_lc_time                              - Undefined Weak Reference
    _getenv_init                              - Undefined Weak Reference
    _handle_redirection                       - Undefined Weak Reference
    _init_alloc                               - Undefined Weak Reference
    _init_user_alloc                          - Undefined Weak Reference
    _initio                                   - Undefined Weak Reference
    _signal_finish                            - Undefined Weak Reference
    _signal_init                              - Undefined Weak Reference
    _terminate_alloc                          - Undefined Weak Reference
    _terminate_user_alloc                     - Undefined Weak Reference
    _terminateio                              - Undefined Weak Reference
    __Vectors_Size                           0x000000cc   Number         0  startup_at32f421.o ABSOLUTE
    __Vectors                                0x08000000   Data           4  startup_at32f421.o(RESET)
    __Vectors_End                            0x080000cc   Data           0  startup_at32f421.o(RESET)
    __main                                   0x080000cd   Thumb Code     8  __main.o(!!!main)
    __scatterload                            0x080000d5   Thumb Code     0  __scatter.o(!!!scatter)
    __scatterload_rt2                        0x080000d5   Thumb Code    44  __scatter.o(!!!scatter)
    __scatterload_rt2_thumb_only             0x080000d5   Thumb Code     0  __scatter.o(!!!scatter)
    __scatterload_null                       0x080000e3   Thumb Code     0  __scatter.o(!!!scatter)
    __scatterload_copy                       0x08000109   Thumb Code    26  __scatter_copy.o(!!handler_copy)
    __scatterload_zeroinit                   0x08000125   Thumb Code    28  __scatter_zi.o(!!handler_zi)
    __rt_lib_init                            0x08000141   Thumb Code     0  libinit.o(.ARM.Collect$$libinit$$00000000)
    __rt_lib_init_fp_1                       0x08000143   Thumb Code     0  libinit2.o(.ARM.Collect$$libinit$$00000002)
    __rt_lib_init_heap_1                     0x08000143   Thumb Code     0  libinit2.o(.ARM.Collect$$libinit$$0000000A)
    __rt_lib_init_preinit_1                  0x08000143   Thumb Code     0  libinit2.o(.ARM.Collect$$libinit$$00000004)
    __rt_lib_init_rand_2                     0x08000143   Thumb Code     0  libinit2.o(.ARM.Collect$$libinit$$0000000D)
    __rt_lib_init_user_alloc_1               0x08000143   Thumb Code     0  libinit2.o(.ARM.Collect$$libinit$$0000000C)
    __rt_lib_init_alloca_1                   0x08000147   Thumb Code     0  libinit2.o(.ARM.Collect$$libinit$$0000002E)
    __rt_lib_init_argv_1                     0x08000147   Thumb Code     0  libinit2.o(.ARM.Collect$$libinit$$0000002C)
    __rt_lib_init_atexit_1                   0x08000147   Thumb Code     0  libinit2.o(.ARM.Collect$$libinit$$0000001B)
    __rt_lib_init_clock_1                    0x08000147   Thumb Code     0  libinit2.o(.ARM.Collect$$libinit$$00000021)
    __rt_lib_init_cpp_1                      0x08000147   Thumb Code     0  libinit2.o(.ARM.Collect$$libinit$$00000032)
    __rt_lib_init_exceptions_1               0x08000147   Thumb Code     0  libinit2.o(.ARM.Collect$$libinit$$00000030)
    __rt_lib_init_fp_trap_1                  0x08000147   Thumb Code     0  libinit2.o(.ARM.Collect$$libinit$$0000001F)
    __rt_lib_init_getenv_1                   0x08000147   Thumb Code     0  libinit2.o(.ARM.Collect$$libinit$$00000023)
    __rt_lib_init_lc_collate_1               0x08000147   Thumb Code     0  libinit2.o(.ARM.Collect$$libinit$$00000011)
    __rt_lib_init_lc_ctype_1                 0x08000147   Thumb Code     0  libinit2.o(.ARM.Collect$$libinit$$00000013)
    __rt_lib_init_lc_monetary_1              0x08000147   Thumb Code     0  libinit2.o(.ARM.Collect$$libinit$$00000015)
    __rt_lib_init_lc_numeric_1               0x08000147   Thumb Code     0  libinit2.o(.ARM.Collect$$libinit$$00000017)
    __rt_lib_init_lc_time_1                  0x08000147   Thumb Code     0  libinit2.o(.ARM.Collect$$libinit$$00000019)
    __rt_lib_init_rand_1                     0x08000147   Thumb Code     0  libinit2.o(.ARM.Collect$$libinit$$0000000E)
    __rt_lib_init_return                     0x08000147   Thumb Code     0  libinit2.o(.ARM.Collect$$libinit$$00000033)
    __rt_lib_init_signal_1                   0x08000147   Thumb Code     0  libinit2.o(.ARM.Collect$$libinit$$0000001D)
    __rt_lib_init_stdio_1                    0x08000147   Thumb Code     0  libinit2.o(.ARM.Collect$$libinit$$00000025)
    __rt_lib_shutdown                        0x08000149   Thumb Code     0  libshutdown.o(.ARM.Collect$$libshutdown$$00000000)
    __rt_lib_shutdown_cpp_1                  0x0800014b   Thumb Code     0  libshutdown2.o(.ARM.Collect$$libshutdown$$00000004)
    __rt_lib_shutdown_fini_1                 0x0800014b   Thumb Code     0  libshutdown2.o(.ARM.Collect$$libshutdown$$00000002)
    __rt_lib_shutdown_fp_trap_1              0x0800014b   Thumb Code     0  libshutdown2.o(.ARM.Collect$$libshutdown$$00000009)
    __rt_lib_shutdown_heap_1                 0x0800014b   Thumb Code     0  libshutdown2.o(.ARM.Collect$$libshutdown$$00000011)
    __rt_lib_shutdown_return                 0x0800014b   Thumb Code     0  libshutdown2.o(.ARM.Collect$$libshutdown$$00000012)
    __rt_lib_shutdown_signal_1               0x0800014b   Thumb Code     0  libshutdown2.o(.ARM.Collect$$libshutdown$$0000000C)
    __rt_lib_shutdown_stdio_1                0x0800014b   Thumb Code     0  libshutdown2.o(.ARM.Collect$$libshutdown$$00000006)
    __rt_lib_shutdown_user_alloc_1           0x0800014b   Thumb Code     0  libshutdown2.o(.ARM.Collect$$libshutdown$$0000000E)
    __rt_entry                               0x0800014d   Thumb Code     0  __rtentry.o(.ARM.Collect$$rtentry$$00000000)
    __rt_entry_presh_1                       0x0800014d   Thumb Code     0  __rtentry2.o(.ARM.Collect$$rtentry$$00000002)
    __rt_entry_sh                            0x0800014d   Thumb Code     0  __rtentry4.o(.ARM.Collect$$rtentry$$00000004)
    __rt_entry_li                            0x08000153   Thumb Code     0  __rtentry2.o(.ARM.Collect$$rtentry$$0000000A)
    __rt_entry_postsh_1                      0x08000153   Thumb Code     0  __rtentry2.o(.ARM.Collect$$rtentry$$00000009)
    __rt_entry_main                          0x08000157   Thumb Code     0  __rtentry2.o(.ARM.Collect$$rtentry$$0000000D)
    __rt_entry_postli_1                      0x08000157   Thumb Code     0  __rtentry2.o(.ARM.Collect$$rtentry$$0000000C)
    __rt_exit                                0x0800015f   Thumb Code     0  rtexit.o(.ARM.Collect$$rtexit$$00000000)
    __rt_exit_ls                             0x08000161   Thumb Code     0  rtexit2.o(.ARM.Collect$$rtexit$$00000003)
    __rt_exit_prels_1                        0x08000161   Thumb Code     0  rtexit2.o(.ARM.Collect$$rtexit$$00000002)
    __rt_exit_exit                           0x08000165   Thumb Code     0  rtexit2.o(.ARM.Collect$$rtexit$$00000004)
    rand                                     0x0800016d   Thumb Code    48  rand.o(.emb_text)
    Reset_Handler                            0x080001a1   Thumb Code     8  startup_at32f421.o(.text)
    ADC1_CMP_IRQHandler                      0x080001bb   Thumb Code     0  startup_at32f421.o(.text)
    CRM_IRQHandler                           0x080001bb   Thumb Code     0  startup_at32f421.o(.text)
    DMA1_Channel1_IRQHandler                 0x080001bb   Thumb Code     0  startup_at32f421.o(.text)
    DMA1_Channel3_2_IRQHandler               0x080001bb   Thumb Code     0  startup_at32f421.o(.text)
    DMA1_Channel5_4_IRQHandler               0x080001bb   Thumb Code     0  startup_at32f421.o(.text)
    ERTC_IRQHandler                          0x080001bb   Thumb Code     0  startup_at32f421.o(.text)
    EXINT15_4_IRQHandler                     0x080001bb   Thumb Code     0  startup_at32f421.o(.text)
    EXINT1_0_IRQHandler                      0x080001bb   Thumb Code     0  startup_at32f421.o(.text)
    EXINT3_2_IRQHandler                      0x080001bb   Thumb Code     0  startup_at32f421.o(.text)
    FLASH_IRQHandler                         0x080001bb   Thumb Code     0  startup_at32f421.o(.text)
    I2C1_ERR_IRQHandler                      0x080001bb   Thumb Code     0  startup_at32f421.o(.text)
    I2C1_EVT_IRQHandler                      0x080001bb   Thumb Code     0  startup_at32f421.o(.text)
    I2C2_ERR_IRQHandler                      0x080001bb   Thumb Code     0  startup_at32f421.o(.text)
    I2C2_EVT_IRQHandler                      0x080001bb   Thumb Code     0  startup_at32f421.o(.text)
    PVM_IRQHandler                           0x080001bb   Thumb Code     0  startup_at32f421.o(.text)
    SPI1_IRQHandler                          0x080001bb   Thumb Code     0  startup_at32f421.o(.text)
    SPI2_IRQHandler                          0x080001bb   Thumb Code     0  startup_at32f421.o(.text)
    TMR14_GLOBAL_IRQHandler                  0x080001bb   Thumb Code     0  startup_at32f421.o(.text)
    TMR15_GLOBAL_IRQHandler                  0x080001bb   Thumb Code     0  startup_at32f421.o(.text)
    TMR16_GLOBAL_IRQHandler                  0x080001bb   Thumb Code     0  startup_at32f421.o(.text)
    TMR17_GLOBAL_IRQHandler                  0x080001bb   Thumb Code     0  startup_at32f421.o(.text)
    TMR1_CH_IRQHandler                       0x080001bb   Thumb Code     0  startup_at32f421.o(.text)
    TMR3_GLOBAL_IRQHandler                   0x080001bb   Thumb Code     0  startup_at32f421.o(.text)
    TMR6_GLOBAL_IRQHandler                   0x080001bb   Thumb Code     0  startup_at32f421.o(.text)
    USART2_IRQHandler                        0x080001bb   Thumb Code     0  startup_at32f421.o(.text)
    WWDT_IRQHandler                          0x080001bb   Thumb Code     0  startup_at32f421.o(.text)
    __user_initial_stackheap                 0x080001bd   Thumb Code     0  startup_at32f421.o(.text)
    __aeabi_uldivmod                         0x080001e1   Thumb Code     0  lludivv7m.o(.text)
    _ll_udiv                                 0x080001e1   Thumb Code   238  lludivv7m.o(.text)
    srand                                    0x080002d1   Thumb Code    42  rand.o(.text)
    _rand_init                               0x080002fb   Thumb Code     4  rand.o(.text)
    __use_two_region_memory                  0x0800030d   Thumb Code     2  heapauxi.o(.text)
    __rt_heap_escrow$2region                 0x0800030f   Thumb Code     2  heapauxi.o(.text)
    __rt_heap_expand$2region                 0x08000311   Thumb Code     2  heapauxi.o(.text)
    __user_setup_stackheap                   0x08000313   Thumb Code    74  sys_stackheap_outer.o(.text)
    exit                                     0x0800035d   Thumb Code    18  exit.o(.text)
    __user_libspace                          0x08000371   Thumb Code     8  libspace.o(.text)
    __user_perproc_libspace                  0x08000371   Thumb Code     0  libspace.o(.text)
    __user_perthread_libspace                0x08000371   Thumb Code     0  libspace.o(.text)
    _sys_exit                                0x08000379   Thumb Code     8  sys_exit.o(.text)
    __I$use$semihosting                      0x08000385   Thumb Code     0  use_no_semi.o(.text)
    __use_no_semihosting_swi                 0x08000385   Thumb Code     2  use_no_semi.o(.text)
    BusFault_Handler                         0x08000387   Thumb Code     4  at32f421_int.o(i.BusFault_Handler)
    __semihosting_library_function           0x08000387   Thumb Code     0  indicate_semi.o(.text)
    DebugMon_Handler                         0x0800038b   Thumb Code     2  at32f421_int.o(i.DebugMon_Handler)
    HAL_GetTick                              0x0800038d   Thumb Code     6  main.o(i.HAL_GetTick)
    HAL_IncTick                              0x08000399   Thumb Code    12  main.o(i.HAL_IncTick)
    HardFault_Handler                        0x080003a9   Thumb Code     4  at32f421_int.o(i.HardFault_Handler)
    MemManage_Handler                        0x080003ad   Thumb Code     4  at32f421_int.o(i.MemManage_Handler)
    NMI_Handler                              0x080003b1   Thumb Code     2  at32f421_int.o(i.NMI_Handler)
    PendSV_Handler                           0x080003b3   Thumb Code     2  at32f421_int.o(i.PendSV_Handler)
    SVC_Handler                              0x080003b5   Thumb Code     2  at32f421_int.o(i.SVC_Handler)
    SysTick_Handler                          0x080003b7   Thumb Code     2  at32f421_int.o(i.SysTick_Handler)
    SystemInit                               0x080003b9   Thumb Code    96  system_at32f421.o(i.SystemInit)
    TMR1_BRK_OVF_TRG_HALL_IRQHandler         0x08000425   Thumb Code    34  main.o(i.TMR1_BRK_OVF_TRG_HALL_IRQHandler)
    USART1_IRQHandler                        0x0800044d   Thumb Code   122  uart.o(i.USART1_IRQHandler)
    UsageFault_Handler                       0x080004e1   Thumb Code     4  at32f421_int.o(i.UsageFault_Handler)
    ball_game_period_callback                0x080004e5   Thumb Code   448  ball_game.o(i.ball_game_period_callback)
    com_rx_cb_cmd_respone                    0x080006cd   Thumb Code     6  ball_game.o(i.com_rx_cb_cmd_respone)
    com_rx_cb_play_finished                  0x080006d5   Thumb Code    40  ball_game.o(i.com_rx_cb_play_finished)
    com_rx_parse                             0x0800070d   Thumb Code   266  uart.o(i.com_rx_parse)
    crm_ahb_div_set                          0x08000829   Thumb Code    14  at32f421_crm.o(i.crm_ahb_div_set)
    crm_apb1_div_set                         0x0800083d   Thumb Code    14  at32f421_crm.o(i.crm_apb1_div_set)
    crm_apb2_div_set                         0x08000851   Thumb Code    14  at32f421_crm.o(i.crm_apb2_div_set)
    crm_auto_step_mode_enable                0x08000865   Thumb Code    34  at32f421_crm.o(i.crm_auto_step_mode_enable)
    crm_clock_source_enable                  0x0800088d   Thumb Code    90  at32f421_crm.o(i.crm_clock_source_enable)
    crm_clocks_freq_get                      0x080008ed   Thumb Code   396  at32f421_crm.o(i.crm_clocks_freq_get)
    crm_flag_get                             0x08000a99   Thumb Code    42  at32f421_crm.o(i.crm_flag_get)
    crm_hext_stable_wait                     0x08000ac9   Thumb Code    46  at32f421_crm.o(i.crm_hext_stable_wait)
    crm_periph_clock_enable                  0x08000af9   Thumb Code    62  at32f421_crm.o(i.crm_periph_clock_enable)
    crm_pll_config                           0x08000b3d   Thumb Code   224  at32f421_crm.o(i.crm_pll_config)
    crm_reset                                0x08000c51   Thumb Code    90  at32f421_crm.o(i.crm_reset)
    crm_sysclk_switch                        0x08000cb5   Thumb Code    14  at32f421_crm.o(i.crm_sysclk_switch)
    crm_sysclk_switch_status_get             0x08000cc9   Thumb Code    10  at32f421_crm.o(i.crm_sysclk_switch_status_get)
    delay_init                               0x08000cd9   Thumb Code    38  main.o(i.delay_init)
    delay_ms                                 0x08000d11   Thumb Code   110  main.o(i.delay_ms)
    gpio_bits_write                          0x08000d85   Thumb Code    10  at32f421_gpio.o(i.gpio_bits_write)
    gpio_configuration                       0x08000d91   Thumb Code   122  main.o(i.gpio_configuration)
    gpio_default_para_init                   0x08000e11   Thumb Code    20  at32f421_gpio.o(i.gpio_default_para_init)
    gpio_init                                0x08000e25   Thumb Code   122  at32f421_gpio.o(i.gpio_init)
    gpio_input_data_bit_read                 0x08000e9f   Thumb Code    18  at32f421_gpio.o(i.gpio_input_data_bit_read)
    gpio_pin_mux_config                      0x08000eb1   Thumb Code    66  at32f421_gpio.o(i.gpio_pin_mux_config)
    key_ball_sig                             0x08000ef5   Thumb Code    96  key.o(i.key_ball_sig)
    main                                     0x08000f61   Thumb Code   190  main.o(i.main)
    nvic_irq_enable                          0x08001035   Thumb Code   190  at32f421_misc.o(i.nvic_irq_enable)
    nvic_priority_group_config               0x080010fd   Thumb Code    32  at32f421_misc.o(i.nvic_priority_group_config)
    sound_play_sndx                          0x08001125   Thumb Code    46  ball_game.o(i.sound_play_sndx)
    sound_set_volume                         0x08001165   Thumb Code    36  ball_game.o(i.sound_set_volume)
    sound_stop                               0x08001195   Thumb Code    32  ball_game.o(i.sound_stop)
    system_clock_config                      0x080011c1   Thumb Code   112  at32f421_clock.o(i.system_clock_config)
    system_core_clock_update                 0x08001235   Thumb Code   316  system_at32f421.o(i.system_core_clock_update)
    systick_clock_source_config              0x08001389   Thumb Code    40  at32f421_misc.o(i.systick_clock_source_config)
    tmr_base_init                            0x080013b1   Thumb Code    16  at32f421_tmr.o(i.tmr_base_init)
    tmr_cnt_dir_set                          0x080013c1   Thumb Code    10  at32f421_tmr.o(i.tmr_cnt_dir_set)
    tmr_counter_enable                       0x080013cb   Thumb Code    10  at32f421_tmr.o(i.tmr_counter_enable)
    tmr_flag_clear                           0x080013d5   Thumb Code     6  at32f421_tmr.o(i.tmr_flag_clear)
    tmr_flag_get                             0x080013db   Thumb Code    18  at32f421_tmr.o(i.tmr_flag_get)
    tmr_interrupt_enable                     0x080013ed   Thumb Code    22  at32f421_tmr.o(i.tmr_interrupt_enable)
    uart_dis_tx_en_rx                        0x08001405   Thumb Code    52  uart.o(i.uart_dis_tx_en_rx)
    uart_init                                0x08001441   Thumb Code    20  uart.o(i.uart_init)
    uart_rd_ring_buff                        0x0800145d   Thumb Code    60  uart.o(i.uart_rd_ring_buff)
    uart_ring_buff_init                      0x0800149d   Thumb Code    12  uart.o(i.uart_ring_buff_init)
    uart_rx_process_is_time_out              0x080014ad   Thumb Code    32  uart.o(i.uart_rx_process_is_time_out)
    uart_rx_process_start_cnt                0x080014d1   Thumb Code    14  uart.o(i.uart_rx_process_start_cnt)
    uart_rx_process_tmr_cnt                  0x080014e5   Thumb Code    34  uart.o(i.uart_rx_process_tmr_cnt)
    uart_send_data                           0x0800150d   Thumb Code    70  uart.o(i.uart_send_data)
    uart_wr_ring_buff                        0x0800156d   Thumb Code    54  uart.o(i.uart_wr_ring_buff)
    usart_configuration                      0x080015a9   Thumb Code   136  main.o(i.usart_configuration)
    usart_data_receive                       0x0800163d   Thumb Code     8  at32f421_usart.o(i.usart_data_receive)
    usart_data_transmit                      0x08001645   Thumb Code     8  at32f421_usart.o(i.usart_data_transmit)
    usart_enable                             0x0800164d   Thumb Code    10  at32f421_usart.o(i.usart_enable)
    usart_flag_get                           0x08001657   Thumb Code    16  at32f421_usart.o(i.usart_flag_get)
    usart_init                               0x08001669   Thumb Code   102  at32f421_usart.o(i.usart_init)
    usart_interrupt_enable                   0x080016d5   Thumb Code    54  at32f421_usart.o(i.usart_interrupt_enable)
    usart_receiver_enable                    0x0800170b   Thumb Code    10  at32f421_usart.o(i.usart_receiver_enable)
    usart_transmitter_enable                 0x08001715   Thumb Code    10  at32f421_usart.o(i.usart_transmitter_enable)
    CallbackTable                            0x08001720   Data          16  uart.o(.constdata)
    Region$$Table$$Base                      0x08001768   Number         0  anon$$obj.o(Region$$Table)
    Region$$Table$$Limit                     0x08001788   Number         0  anon$$obj.o(Region$$Table)
    tx_size                                  0x20000018   Data           2  uart.o(.data)
    tx_count                                 0x2000001a   Data           2  uart.o(.data)
    tx_p                                     0x2000001c   Data           4  uart.o(.data)
    tx_ing                                   0x20000020   Data           1  uart.o(.data)
    rx_state                                 0x20000021   Data           1  uart.o(.data)
    rx_idx                                   0x20000022   Data           1  uart.o(.data)
    system_core_clock                        0x2000002c   Data           4  system_at32f421.o(.data)
    effect_played                            0x20000031   Data           1  ball_game.o(.data)
    music_played                             0x20000032   Data           1  ball_game.o(.data)
    score_get                                0x20000033   Data           1  ball_game.o(.data)
    led_step                                 0x20000034   Data           1  ball_game.o(.data)
    minute                                   0x20000035   Data           1  ball_game.o(.data)
    last_play_tick                           0x20000038   Data           4  ball_game.o(.data)
    last_score_tick                          0x2000003c   Data           4  ball_game.o(.data)
    crm_clocks_freq_struct                   0x2000004c   Data          20  main.o(.bss)
    ring_buf                                 0x20000060   Data          36  uart.o(.bss)
    DataBuf                                  0x20000084   Data          20  uart.o(.bss)
    _random_number_data                      0x200000a4   Data         228  rand.o(.bss)
    __libspace_start                         0x20000188   Data          96  libspace.o(.bss)
    __temporary_stack_top$libspace           0x200001e8   Data           0  libspace.o(.bss)



==============================================================================

Memory Map of the image

  Image Entry point : 0x080000cd

  Load Region LR_IROM1 (Base: 0x08000000, Size: 0x000017d4, Max: 0x00010000, ABSOLUTE)

    Execution Region ER_IROM1 (Exec base: 0x08000000, Load base: 0x08000000, Size: 0x00001788, Max: 0x00010000, ABSOLUTE)

    Exec Addr    Load Addr    Size         Type   Attr      Idx    E Section Name        Object

    0x08000000   0x08000000   0x000000cc   Data   RO         3061    RESET               startup_at32f421.o
    0x080000cc   0x080000cc   0x00000008   Code   RO         3188  * !!!main             c_w.l(__main.o)
    0x080000d4   0x080000d4   0x00000034   Code   RO         3357    !!!scatter          c_w.l(__scatter.o)
    0x08000108   0x08000108   0x0000001a   Code   RO         3359    !!handler_copy      c_w.l(__scatter_copy.o)
    0x08000122   0x08000122   0x00000002   PAD
    0x08000124   0x08000124   0x0000001c   Code   RO         3361    !!handler_zi        c_w.l(__scatter_zi.o)
    0x08000140   0x08000140   0x00000002   Code   RO         3278    .ARM.Collect$$libinit$$00000000  c_w.l(libinit.o)
    0x08000142   0x08000142   0x00000000   Code   RO         3196    .ARM.Collect$$libinit$$00000002  c_w.l(libinit2.o)
    0x08000142   0x08000142   0x00000000   Code   RO         3198    .ARM.Collect$$libinit$$00000004  c_w.l(libinit2.o)
    0x08000142   0x08000142   0x00000000   Code   RO         3201    .ARM.Collect$$libinit$$0000000A  c_w.l(libinit2.o)
    0x08000142   0x08000142   0x00000000   Code   RO         3203    .ARM.Collect$$libinit$$0000000C  c_w.l(libinit2.o)
    0x08000142   0x08000142   0x00000004   Code   RO         3204    .ARM.Collect$$libinit$$0000000D  c_w.l(libinit2.o)
    0x08000146   0x08000146   0x00000000   Code   RO         3205    .ARM.Collect$$libinit$$0000000E  c_w.l(libinit2.o)
    0x08000146   0x08000146   0x00000000   Code   RO         3208    .ARM.Collect$$libinit$$00000011  c_w.l(libinit2.o)
    0x08000146   0x08000146   0x00000000   Code   RO         3210    .ARM.Collect$$libinit$$00000013  c_w.l(libinit2.o)
    0x08000146   0x08000146   0x00000000   Code   RO         3212    .ARM.Collect$$libinit$$00000015  c_w.l(libinit2.o)
    0x08000146   0x08000146   0x00000000   Code   RO         3214    .ARM.Collect$$libinit$$00000017  c_w.l(libinit2.o)
    0x08000146   0x08000146   0x00000000   Code   RO         3216    .ARM.Collect$$libinit$$00000019  c_w.l(libinit2.o)
    0x08000146   0x08000146   0x00000000   Code   RO         3218    .ARM.Collect$$libinit$$0000001B  c_w.l(libinit2.o)
    0x08000146   0x08000146   0x00000000   Code   RO         3220    .ARM.Collect$$libinit$$0000001D  c_w.l(libinit2.o)
    0x08000146   0x08000146   0x00000000   Code   RO         3222    .ARM.Collect$$libinit$$0000001F  c_w.l(libinit2.o)
    0x08000146   0x08000146   0x00000000   Code   RO         3224    .ARM.Collect$$libinit$$00000021  c_w.l(libinit2.o)
    0x08000146   0x08000146   0x00000000   Code   RO         3226    .ARM.Collect$$libinit$$00000023  c_w.l(libinit2.o)
    0x08000146   0x08000146   0x00000000   Code   RO         3228    .ARM.Collect$$libinit$$00000025  c_w.l(libinit2.o)
    0x08000146   0x08000146   0x00000000   Code   RO         3232    .ARM.Collect$$libinit$$0000002C  c_w.l(libinit2.o)
    0x08000146   0x08000146   0x00000000   Code   RO         3234    .ARM.Collect$$libinit$$0000002E  c_w.l(libinit2.o)
    0x08000146   0x08000146   0x00000000   Code   RO         3236    .ARM.Collect$$libinit$$00000030  c_w.l(libinit2.o)
    0x08000146   0x08000146   0x00000000   Code   RO         3238    .ARM.Collect$$libinit$$00000032  c_w.l(libinit2.o)
    0x08000146   0x08000146   0x00000002   Code   RO         3239    .ARM.Collect$$libinit$$00000033  c_w.l(libinit2.o)
    0x08000148   0x08000148   0x00000002   Code   RO         3322    .ARM.Collect$$libshutdown$$00000000  c_w.l(libshutdown.o)
    0x0800014a   0x0800014a   0x00000000   Code   RO         3338    .ARM.Collect$$libshutdown$$00000002  c_w.l(libshutdown2.o)
    0x0800014a   0x0800014a   0x00000000   Code   RO         3340    .ARM.Collect$$libshutdown$$00000004  c_w.l(libshutdown2.o)
    0x0800014a   0x0800014a   0x00000000   Code   RO         3342    .ARM.Collect$$libshutdown$$00000006  c_w.l(libshutdown2.o)
    0x0800014a   0x0800014a   0x00000000   Code   RO         3345    .ARM.Collect$$libshutdown$$00000009  c_w.l(libshutdown2.o)
    0x0800014a   0x0800014a   0x00000000   Code   RO         3348    .ARM.Collect$$libshutdown$$0000000C  c_w.l(libshutdown2.o)
    0x0800014a   0x0800014a   0x00000000   Code   RO         3350    .ARM.Collect$$libshutdown$$0000000E  c_w.l(libshutdown2.o)
    0x0800014a   0x0800014a   0x00000000   Code   RO         3353    .ARM.Collect$$libshutdown$$00000011  c_w.l(libshutdown2.o)
    0x0800014a   0x0800014a   0x00000002   Code   RO         3354    .ARM.Collect$$libshutdown$$00000012  c_w.l(libshutdown2.o)
    0x0800014c   0x0800014c   0x00000000   Code   RO         3190    .ARM.Collect$$rtentry$$00000000  c_w.l(__rtentry.o)
    0x0800014c   0x0800014c   0x00000000   Code   RO         3241    .ARM.Collect$$rtentry$$00000002  c_w.l(__rtentry2.o)
    0x0800014c   0x0800014c   0x00000006   Code   RO         3253    .ARM.Collect$$rtentry$$00000004  c_w.l(__rtentry4.o)
    0x08000152   0x08000152   0x00000000   Code   RO         3243    .ARM.Collect$$rtentry$$00000009  c_w.l(__rtentry2.o)
    0x08000152   0x08000152   0x00000004   Code   RO         3244    .ARM.Collect$$rtentry$$0000000A  c_w.l(__rtentry2.o)
    0x08000156   0x08000156   0x00000000   Code   RO         3246    .ARM.Collect$$rtentry$$0000000C  c_w.l(__rtentry2.o)
    0x08000156   0x08000156   0x00000008   Code   RO         3247    .ARM.Collect$$rtentry$$0000000D  c_w.l(__rtentry2.o)
    0x0800015e   0x0800015e   0x00000002   Code   RO         3284    .ARM.Collect$$rtexit$$00000000  c_w.l(rtexit.o)
    0x08000160   0x08000160   0x00000000   Code   RO         3304    .ARM.Collect$$rtexit$$00000002  c_w.l(rtexit2.o)
    0x08000160   0x08000160   0x00000004   Code   RO         3305    .ARM.Collect$$rtexit$$00000003  c_w.l(rtexit2.o)
    0x08000164   0x08000164   0x00000006   Code   RO         3306    .ARM.Collect$$rtexit$$00000004  c_w.l(rtexit2.o)
    0x0800016a   0x0800016a   0x00000002   PAD
    0x0800016c   0x0800016c   0x00000034   Code   RO         3181    .emb_text           c_w.l(rand.o)
    0x080001a0   0x080001a0   0x00000040   Code   RO         3062    .text               startup_at32f421.o
    0x080001e0   0x080001e0   0x000000ee   Code   RO         3179    .text               c_w.l(lludivv7m.o)
    0x080002ce   0x080002ce   0x00000002   PAD
    0x080002d0   0x080002d0   0x0000003c   Code   RO         3182    .text               c_w.l(rand.o)
    0x0800030c   0x0800030c   0x00000006   Code   RO         3186    .text               c_w.l(heapauxi.o)
    0x08000312   0x08000312   0x0000004a   Code   RO         3261    .text               c_w.l(sys_stackheap_outer.o)
    0x0800035c   0x0800035c   0x00000012   Code   RO         3263    .text               c_w.l(exit.o)
    0x0800036e   0x0800036e   0x00000002   PAD
    0x08000370   0x08000370   0x00000008   Code   RO         3281    .text               c_w.l(libspace.o)
    0x08000378   0x08000378   0x0000000c   Code   RO         3298    .text               c_w.l(sys_exit.o)
    0x08000384   0x08000384   0x00000002   Code   RO         3300    .text               c_w.l(use_no_semi.o)
    0x08000386   0x08000386   0x00000000   Code   RO         3302    .text               c_w.l(indicate_semi.o)
    0x08000386   0x08000386   0x00000004   Code   RO          123    i.BusFault_Handler  at32f421_int.o
    0x0800038a   0x0800038a   0x00000002   Code   RO          124    i.DebugMon_Handler  at32f421_int.o
    0x0800038c   0x0800038c   0x0000000c   Code   RO          211    i.HAL_GetTick       main.o
    0x08000398   0x08000398   0x00000010   Code   RO          212    i.HAL_IncTick       main.o
    0x080003a8   0x080003a8   0x00000004   Code   RO          125    i.HardFault_Handler  at32f421_int.o
    0x080003ac   0x080003ac   0x00000004   Code   RO          126    i.MemManage_Handler  at32f421_int.o
    0x080003b0   0x080003b0   0x00000002   Code   RO          127    i.NMI_Handler       at32f421_int.o
    0x080003b2   0x080003b2   0x00000002   Code   RO          128    i.PendSV_Handler    at32f421_int.o
    0x080003b4   0x080003b4   0x00000002   Code   RO          129    i.SVC_Handler       at32f421_int.o
    0x080003b6   0x080003b6   0x00000002   Code   RO          130    i.SysTick_Handler   at32f421_int.o
    0x080003b8   0x080003b8   0x0000006c   Code   RO         3069    i.SystemInit        system_at32f421.o
    0x08000424   0x08000424   0x00000028   Code   RO          213    i.TMR1_BRK_OVF_TRG_HALL_IRQHandler  main.o
    0x0800044c   0x0800044c   0x00000094   Code   RO          296    i.USART1_IRQHandler  uart.o
    0x080004e0   0x080004e0   0x00000004   Code   RO          131    i.UsageFault_Handler  at32f421_int.o
    0x080004e4   0x080004e4   0x000001e8   Code   RO         3107    i.ball_game_period_callback  ball_game.o
    0x080006cc   0x080006cc   0x00000006   Code   RO         3108    i.com_rx_cb_cmd_respone  ball_game.o
    0x080006d2   0x080006d2   0x00000002   PAD
    0x080006d4   0x080006d4   0x00000038   Code   RO         3109    i.com_rx_cb_play_finished  ball_game.o
    0x0800070c   0x0800070c   0x0000011c   Code   RO          297    i.com_rx_parse      uart.o
    0x08000828   0x08000828   0x00000014   Code   RO         2140    i.crm_ahb_div_set   at32f421_crm.o
    0x0800083c   0x0800083c   0x00000014   Code   RO         2141    i.crm_apb1_div_set  at32f421_crm.o
    0x08000850   0x08000850   0x00000014   Code   RO         2142    i.crm_apb2_div_set  at32f421_crm.o
    0x08000864   0x08000864   0x00000028   Code   RO         2143    i.crm_auto_step_mode_enable  at32f421_crm.o
    0x0800088c   0x0800088c   0x00000060   Code   RO         2148    i.crm_clock_source_enable  at32f421_crm.o
    0x080008ec   0x080008ec   0x000001ac   Code   RO         2149    i.crm_clocks_freq_get  at32f421_crm.o
    0x08000a98   0x08000a98   0x00000030   Code   RO         2153    i.crm_flag_get      at32f421_crm.o
    0x08000ac8   0x08000ac8   0x0000002e   Code   RO         2155    i.crm_hext_stable_wait  at32f421_crm.o
    0x08000af6   0x08000af6   0x00000002   PAD
    0x08000af8   0x08000af8   0x00000044   Code   RO         2162    i.crm_periph_clock_enable  at32f421_crm.o
    0x08000b3c   0x08000b3c   0x00000114   Code   RO         2165    i.crm_pll_config    at32f421_crm.o
    0x08000c50   0x08000c50   0x00000064   Code   RO         2167    i.crm_reset         at32f421_crm.o
    0x08000cb4   0x08000cb4   0x00000014   Code   RO         2168    i.crm_sysclk_switch  at32f421_crm.o
    0x08000cc8   0x08000cc8   0x00000010   Code   RO         2169    i.crm_sysclk_switch_status_get  at32f421_crm.o
    0x08000cd8   0x08000cd8   0x00000038   Code   RO          214    i.delay_init        main.o
    0x08000d10   0x08000d10   0x00000074   Code   RO          215    i.delay_ms          main.o
    0x08000d84   0x08000d84   0x0000000a   Code   RO         2346    i.gpio_bits_write   at32f421_gpio.o
    0x08000d8e   0x08000d8e   0x00000002   PAD
    0x08000d90   0x08000d90   0x00000080   Code   RO          218    i.gpio_configuration  main.o
    0x08000e10   0x08000e10   0x00000014   Code   RO         2347    i.gpio_default_para_init  at32f421_gpio.o
    0x08000e24   0x08000e24   0x0000007a   Code   RO         2348    i.gpio_init         at32f421_gpio.o
    0x08000e9e   0x08000e9e   0x00000012   Code   RO         2349    i.gpio_input_data_bit_read  at32f421_gpio.o
    0x08000eb0   0x08000eb0   0x00000042   Code   RO         2353    i.gpio_pin_mux_config  at32f421_gpio.o
    0x08000ef2   0x08000ef2   0x00000002   PAD
    0x08000ef4   0x08000ef4   0x0000006c   Code   RO          391    i.key_ball_sig      key.o
    0x08000f60   0x08000f60   0x000000d4   Code   RO          219    i.main              main.o
    0x08001034   0x08001034   0x000000c8   Code   RO         2447    i.nvic_irq_enable   at32f421_misc.o
    0x080010fc   0x080010fc   0x00000028   Code   RO         2449    i.nvic_priority_group_config  at32f421_misc.o
    0x08001124   0x08001124   0x00000040   Code   RO         3110    i.sound_play_sndx   ball_game.o
    0x08001164   0x08001164   0x00000030   Code   RO         3111    i.sound_set_volume  ball_game.o
    0x08001194   0x08001194   0x0000002c   Code   RO         3112    i.sound_stop        ball_game.o
    0x080011c0   0x080011c0   0x00000074   Code   RO            4    i.system_clock_config  at32f421_clock.o
    0x08001234   0x08001234   0x00000154   Code   RO         3070    i.system_core_clock_update  system_at32f421.o
    0x08001388   0x08001388   0x00000028   Code   RO         2452    i.systick_clock_source_config  at32f421_misc.o
    0x080013b0   0x080013b0   0x00000010   Code   RO         2510    i.tmr_base_init     at32f421_tmr.o
    0x080013c0   0x080013c0   0x0000000a   Code   RO         2520    i.tmr_cnt_dir_set   at32f421_tmr.o
    0x080013ca   0x080013ca   0x0000000a   Code   RO         2521    i.tmr_counter_enable  at32f421_tmr.o
    0x080013d4   0x080013d4   0x00000006   Code   RO         2533    i.tmr_flag_clear    at32f421_tmr.o
    0x080013da   0x080013da   0x00000012   Code   RO         2534    i.tmr_flag_get      at32f421_tmr.o
    0x080013ec   0x080013ec   0x00000016   Code   RO         2542    i.tmr_interrupt_enable  at32f421_tmr.o
    0x08001402   0x08001402   0x00000002   PAD
    0x08001404   0x08001404   0x0000003c   Code   RO          299    i.uart_dis_tx_en_rx  uart.o
    0x08001440   0x08001440   0x0000001c   Code   RO          300    i.uart_init         uart.o
    0x0800145c   0x0800145c   0x00000040   Code   RO          301    i.uart_rd_ring_buff  uart.o
    0x0800149c   0x0800149c   0x00000010   Code   RO          302    i.uart_ring_buff_init  uart.o
    0x080014ac   0x080014ac   0x00000024   Code   RO          303    i.uart_rx_process_is_time_out  uart.o
    0x080014d0   0x080014d0   0x00000014   Code   RO          304    i.uart_rx_process_start_cnt  uart.o
    0x080014e4   0x080014e4   0x00000028   Code   RO          305    i.uart_rx_process_tmr_cnt  uart.o
    0x0800150c   0x0800150c   0x00000060   Code   RO          306    i.uart_send_data    uart.o
    0x0800156c   0x0800156c   0x0000003c   Code   RO          307    i.uart_wr_ring_buff  uart.o
    0x080015a8   0x080015a8   0x00000094   Code   RO          220    i.usart_configuration  main.o
    0x0800163c   0x0800163c   0x00000008   Code   RO         2868    i.usart_data_receive  at32f421_usart.o
    0x08001644   0x08001644   0x00000008   Code   RO         2869    i.usart_data_transmit  at32f421_usart.o
    0x0800164c   0x0800164c   0x0000000a   Code   RO         2872    i.usart_enable      at32f421_usart.o
    0x08001656   0x08001656   0x00000010   Code   RO         2874    i.usart_flag_get    at32f421_usart.o
    0x08001666   0x08001666   0x00000002   PAD
    0x08001668   0x08001668   0x0000006c   Code   RO         2876    i.usart_init        at32f421_usart.o
    0x080016d4   0x080016d4   0x00000036   Code   RO         2877    i.usart_interrupt_enable  at32f421_usart.o
    0x0800170a   0x0800170a   0x0000000a   Code   RO         2883    i.usart_receiver_enable  at32f421_usart.o
    0x08001714   0x08001714   0x0000000a   Code   RO         2891    i.usart_transmitter_enable  at32f421_usart.o
    0x0800171e   0x0800171e   0x00000002   PAD
    0x08001720   0x08001720   0x00000010   Data   RO          309    .constdata          uart.o
    0x08001730   0x08001730   0x00000028   Data   RO         2170    .constdata          at32f421_crm.o
    0x08001758   0x08001758   0x00000010   Data   RO         3071    .constdata          system_at32f421.o
    0x08001768   0x08001768   0x00000020   Data   RO         3355    Region$$Table       anon$$obj.o


    Execution Region RW_IRAM1 (Exec base: 0x20000000, Load base: 0x08001788, Size: 0x000007e8, Max: 0x00004000, ABSOLUTE)

    Exec Addr    Load Addr    Size         Type   Attr      Idx    E Section Name        Object

    0x20000000   0x08001788   0x00000014   Data   RW          222    .data               main.o
    0x20000014   0x0800179c   0x00000012   Data   RW          310    .data               uart.o
    0x20000026   0x080017ae   0x00000006   Data   RW          393    .data               key.o
    0x2000002c   0x080017b4   0x00000004   Data   RW         3072    .data               system_at32f421.o
    0x20000030   0x080017b8   0x00000019   Data   RW         3114    .data               ball_game.o
    0x20000049   0x080017d1   0x00000003   PAD
    0x2000004c        -       0x00000014   Zero   RW          221    .bss                main.o
    0x20000060        -       0x00000038   Zero   RW          308    .bss                uart.o
    0x20000098        -       0x0000000a   Zero   RW         3113    .bss                ball_game.o
    0x200000a2   0x080017d1   0x00000002   PAD
    0x200000a4        -       0x000000e4   Zero   RW         3183    .bss                c_w.l(rand.o)
    0x20000188        -       0x00000060   Zero   RW         3282    .bss                c_w.l(libspace.o)
    0x200001e8        -       0x00000200   Zero   RW         3060    HEAP                startup_at32f421.o
    0x200003e8        -       0x00000400   Zero   RW         3059    STACK               startup_at32f421.o


==============================================================================

Image component sizes


      Code (inc. data)   RO Data    RW Data    ZI Data      Debug   Object Name

       116          4          0          0          0      39458   at32f421_clock.o
      1198        154         40          0          0       8264   at32f421_crm.o
       236          0          0          0          0       3500   at32f421_gpio.o
        26          0          0          0          0       4706   at32f421_int.o
       280         18          0          0          0      32536   at32f421_misc.o
        82          0          0          0          0       3782   at32f421_tmr.o
       224          6          0          0          0       5196   at32f421_usart.o
       706         98          0         25         10       4682   ball_game.o
       108         12          0          6          0        571   key.o
       728         80          0         20         20       4686   main.o
        64         26        204          0       1536        880   startup_at32f421.o
       448         36         16          4          0       2236   system_at32f421.o
       852        124         16         18         56       7056   uart.o

    ----------------------------------------------------------------------
      5082        558        308         76       1624     117553   Object Totals
         0          0         32          0          0          0   (incl. Generated)
        14          0          0          3          2          0   (incl. Padding)

    ----------------------------------------------------------------------

      Code (inc. data)   RO Data    RW Data    ZI Data      Debug   Library Member Name

         8          0          0          0          0         68   __main.o
         0          0          0          0          0          0   __rtentry.o
        12          0          0          0          0          0   __rtentry2.o
         6          0          0          0          0          0   __rtentry4.o
        52          8          0          0          0          0   __scatter.o
        26          0          0          0          0          0   __scatter_copy.o
        28          0          0          0          0          0   __scatter_zi.o
        18          0          0          0          0         80   exit.o
         6          0          0          0          0        152   heapauxi.o
         0          0          0          0          0          0   indicate_semi.o
         2          0          0          0          0          0   libinit.o
         6          0          0          0          0          0   libinit2.o
         2          0          0          0          0          0   libshutdown.o
         2          0          0          0          0          0   libshutdown2.o
         8          4          0          0         96         68   libspace.o
       238          0          0          0          0        100   lludivv7m.o
       112         18          0          0        228        160   rand.o
         2          0          0          0          0          0   rtexit.o
        10          0          0          0          0          0   rtexit2.o
        12          4          0          0          0         68   sys_exit.o
        74          0          0          0          0         80   sys_stackheap_outer.o
         2          0          0          0          0         68   use_no_semi.o

    ----------------------------------------------------------------------
       634         34          0          0        324        844   Library Totals
         8          0          0          0          0          0   (incl. Padding)

    ----------------------------------------------------------------------

      Code (inc. data)   RO Data    RW Data    ZI Data      Debug   Library Name

       626         34          0          0        324        844   c_w.l

    ----------------------------------------------------------------------
       634         34          0          0        324        844   Library Totals

    ----------------------------------------------------------------------

==============================================================================


      Code (inc. data)   RO Data    RW Data    ZI Data      Debug   

      5716        592        308         76       1948     114545   Grand Totals
      5716        592        308         76       1948     114545   ELF Image Totals
      5716        592        308         76          0          0   ROM Totals

==============================================================================

    Total RO  Size (Code + RO Data)                 6024 (   5.88kB)
    Total RW  Size (RW Data + ZI Data)              2024 (   1.98kB)
    Total ROM Size (Code + RO Data + RW Data)       6100 (   5.96kB)

==============================================================================

