<html>
<body>
<pre>
<h1>µVision Build Log</h1>
<h2>Tool Versions:</h2>
IDE-Version: ¦ÌVision V5.37.0.0
Copyright (C) 2022 ARM Ltd and ARM Germany GmbH. All rights reserved.
License Information: li 375669512@qq.com, lbw, LIC=6XJT4-FVTKB-F1FPT-RA923-F28WY-R8LVM
 
Tool Versions:
Toolchain:       MDK-ARM Professional  Version: 5.37.0.0
Toolchain Path:  C:\Keil_v5\ARM\ARMCC\Bin
C Compiler:      Armcc.exe V5.06 update 7 (build 960)
Assembler:       Armasm.exe V5.06 update 7 (build 960)
Linker/Locator:  ArmLink.exe V5.06 update 7 (build 960)
Library Manager: ArmAr.exe V5.06 update 7 (build 960)
Hex Converter:   FromElf.exe V5.06 update 7 (build 960)
CPU DLL:         SARMCM3.DLL V5.37.0.0
Dialog DLL:      DARMCM1.DLL V1.19.6.0
Target DLL:      UL2CM3.DLL V1.164.7.0
Dialog DLL:      TARMCM1.DLL V1.14.6.0
 
<h2>Project:</h2>
C:\Users\37566\Desktop\JQSModbusRTU\stm32f030_ver\MDK-ARM\CardMachine.uvprojx
Project File Date:  11/11/2024

<h2>Output:</h2>
*** Using Compiler 'V5.06 update 7 (build 960)', folder: 'C:\Keil_v5\ARM\ARMCC\Bin'
Build target 'BallGame'
assembling startup_stm32f030x6.s...
compiling stm32f0xx_hal_rcc.c...
compiling main.c...
compiling stm32f0xx_hal.c...
compiling stm32f0xx_it.c...
compiling stm32f0xx_hal_cortex.c...
compiling stm32f0xx_hal_i2c_ex.c...
compiling stm32f0xx_hal_pwr.c...
compiling stm32f0xx_hal_pwr_ex.c...
compiling stm32f0xx_hal_timebase_tim.c...
compiling stm32f0xx_hal_msp.c...
compiling stm32f0xx_hal_rcc_ex.c...
compiling stm32f0xx_hal_flash.c...
compiling freertos.c...
compiling stm32f0xx_hal_gpio.c...
compiling stm32f0xx_hal_dma.c...
compiling stm32f0xx_hal_i2c.c...
compiling timers.c...
compiling stm32f0xx_hal_flash_ex.c...
compiling croutine.c...
compiling list.c...
compiling event_groups.c...
compiling tasks.c...
compiling queue.c...
compiling heap_4.c...
compiling stm32f0xx_hal_exti.c...
compiling cmsis_os.c...
compiling stm32f0xx_hal_usart_ex.c...
compiling stm32f0xx_hal_uart_ex.c...
compiling system_stm32f0xx.c...
compiling stm32f0xx_hal_tim_ex.c...
compiling stm32f0xx_hal_usart.c...
compiling stm32f0xx_hal_uart.c...
compiling port.c...
compiling stm32f0xx_hal_tim.c...
compiling key.c...
compiling BSP.c...
compiling uart.c...
..\BSP\uart.c(170): warning:  #940-D: missing return statement at end of non-void function "uart_send_data" 
  }
..\BSP\uart.c(284): warning:  #111-D: statement is unreachable
                  break;
..\BSP\uart.c: 2 warnings, 0 errors
compiling ball_game.c...
..\Dev\ball_game.c(28): warning:  #68-D: integer conversion resulted in a change of sign
  TickType_t last_play_tick = -60*1000*2-1000, last_score_tick;
..\Dev\ball_game.c(25): warning:  #177-D: variable "game_err"  was declared but never referenced
  static enum eErrCode game_err = eErrNone; 
..\Dev\ball_game.c: 2 warnings, 0 errors
linking...
Program Size: Code=8452 RO-data=248 RW-data=112 ZI-data=1568  
FromELF: creating hex file...
After Build - User command #1: CopyHEX.bat
*** Error: CreateProcess failed, Command: 'CopyHEX.bat'
"BallGame\BallGame.axf" - 1 Error(s), 4 Warning(s).

<h2>Software Packages used:</h2>

Package Vendor: ARM
                http://www.keil.com/pack/ARM.CMSIS.5.9.0.pack
                ARM.CMSIS.5.9.0
                CMSIS (Common Microcontroller Software Interface Standard)
   * Component: CORE Version: 5.6.0

Package Vendor: Keil
                https://www.keil.com/pack/Keil.STM32F0xx_DFP.2.1.1.pack
                Keil.STM32F0xx_DFP.2.1.1
                STMicroelectronics STM32F0 Series Device Support, Drivers and Examples

<h2>Collection of Component include folders:</h2>
  ./RTE/_BallGame
  C:/Users/37566/AppData/Local/Arm/Packs/ARM/CMSIS/5.9.0/CMSIS/Core/Include
  C:/Users/37566/AppData/Local/Arm/Packs/Keil/STM32F0xx_DFP/2.1.1/Drivers/CMSIS/Device/ST/STM32F0xx/Include

<h2>Collection of Component Files used:</h2>

   * Component: ARM::CMSIS:CORE:5.6.0
      Include file:  CMSIS/Core/Include/tz_context.h
Target not created.
Build Time Elapsed:  00:00:03
</pre>
</body>
</html>
